Microchip MPLAB XC8 Compiler V2.40

Linker command line:

-W-3 \
  --edf=C:/Users/ljehu/.mchp_packs/Microchip/PIC16F1xxxx_DFP/1.15.191/xc8\pic\dat\20220719204315_en.msgs \
  -cn -h+dist/default/debug\test2.X.debug.sym \
  --cmf=dist/default/debug\test2.X.debug.cmf -z -Q16F18855 \
  -oC:\Users\ljehu\AppData\Local\Temp\xcAs1fhg.4 --defsym=__MPLAB_BUILD=1 \
  --fixupoverflow=error -Mdist/default/debug/test2.X.debug.map \
  --md=C:\Users\ljehu\AppData\Local\Temp\xcAs1fhg.dat -E1 -ver=XC8 Compiler \
  --acfsm=1493 -ACODE=00h-07FFhx4 -ASTRCODE=00h-01FFFh -ASTRING=00h-0FFhx32 \
  -ACONST=00h-0FFhx32 -AENTRY=00h-0FFhx32 -ACOMMON=070h-07Fh \
  -ABANK0=020h-06Fh -ABANK1=0A0h-0EFh -ABANK2=0120h-016Fh \
  -ABANK3=01A0h-01EFh -ABANK4=0220h-026Fh -ABANK5=02A0h-02EFh \
  -ABANK6=0320h-036Fh -ABANK7=03A0h-03EFh -ABANK8=0420h-046Fh \
  -ABANK9=04A0h-04EFh -ABANK10=0520h-056Fh -ABANK11=05A0h-05EFh \
  -ABANK12=0620h-064Fh -ABIGRAM=02000h-023EFh \
  -ARAM=020h-06Fh,0A0h-0EFh,0120h-016Fh,01A0h-01EFh,0220h-026Fh,02A0h-02EFh,0320h-036Fh,03A0h-03EFh,0420h-046Fh,04A0h-04EFh,0520h-056Fh,05A0h-05EFh,0620h-064Fh \
  -AABS1=020h-07Fh,0A0h-0EFh,0120h-016Fh,01A0h-01EFh,0220h-026Fh,02A0h-02EFh,0320h-036Fh,03A0h-03EFh,0420h-046Fh,04A0h-04EFh,0520h-056Fh,05A0h-05EFh,0620h-064Fh \
  -ASFR0=00h-01Fh -ASFR1=080h-09Fh -ASFR2=0100h-011Fh -ASFR3=0180h-019Fh \
  -ASFR4=0200h-021Fh -ASFR5=0280h-029Fh -ASFR6=0300h-031Fh \
  -ASFR7=0380h-039Fh -ASFR8=0400h-041Fh -ASFR9=0480h-049Fh \
  -ASFR10=0500h-051Fh -ASFR11=0580h-059Fh -ASFR12=0600h-061Fh \
  -ASFR13=0680h-06EFh -ASFR14=0700h-076Fh -ASFR15=0780h-07EFh \
  -ASFR16=0800h-086Fh -ASFR17=0880h-08EFh -ASFR18=0900h-096Fh \
  -ASFR19=0980h-09EFh -ASFR20=0A00h-0A6Fh -ASFR21=0A80h-0AEFh \
  -ASFR22=0B00h-0B6Fh -ASFR23=0B80h-0BEFh -ASFR24=0C00h-0C6Fh \
  -ASFR25=0C80h-0CEFh -ASFR26=0D00h-0D6Fh -ASFR27=0D80h-0DEFh \
  -ASFR28=0E00h-0E6Fh -ASFR29=0E80h-0EEFh -ASFR30=0F00h-0F6Fh \
  -ASFR31=0F80h-0FEFh -ACONFIG=08007h-0800Bh -DCONFIG=2 \
  -AIDLOC=08000h-08003h -DIDLOC=2 -AEEDATA=00h-0FFh/0F000h \
  -peeprom_data=EEDATA -DEEDATA=2 -DCODE=2 -DSTRCODE=2 -DSTRING=2 -DCONST=2 \
  -DENTRY=2 -preset_vec=00h,intentry,init,end_init -ppowerup=CODE \
  -pcinit=CODE -pfunctab=ENTRY -k \
  C:\Users\ljehu\AppData\Local\Temp\xcAs1fhg.o \
  dist/default/debug\test2.X.debug.o 

Object code version is 3.11

Machine type is 16F18855



                Name                               Link     Load   Length Selector   Space Scale
C:\Users\ljehu\AppData\Local\Temp\xcAs1fhg.o
                end_init                              3        3        2        0       0
                reset_vec                             0        0        3        0       0
                config                             8007     8007        5        0       4
                idloc                              8000     8000        4        0       5
dist/default/debug\test2.X.debug.o
                cinit                               7A4      7A4       5C      F48       0
                config                             8007     8007        5        0       4
                idloc                              8000     8000        4        0       5
                text93                             138C     138C        3     2718       0
                text92                             138F     138F        3     271E       0
                text91                             1392     1392        3     2724       0
                text90                             1591     1591       18     2B22       0
                text89                             1395     1395        3     272A       0
                text88                             1398     1398        3     2730       0
                text87                             139B     139B        3     2736       0
                text86                             148A     148A        E     2914       0
                text85                             16A0     16A0       24     2D40       0
                text84                             1443     1443        B     2886       0
                text83                             14A6     14A6       11     294C       0
                text82                             14B7     14B7       11     296E       0
                text81                             14C8     14C8       11     2990       0
                text80                             14D9     14D9       11     29B2       0
                text79                             14EA     14EA       11     29D4       0
                text78                             15A9     15A9       18     2B52       0
                text77                             14FB     14FB       11     29F6       0
                text76                             150C     150C       11     2A18       0
                text75                             151D     151D       11     2A3A       0
                text74                             15C1     15C1       18     2B82       0
                text73                             1388     1388        2     2710       0
                text72                             138A     138A        2     2714       0
                text71                             139E     139E        3     273C       0
                text70                             13AD     13AD        4     275A       0
                text69                             13A1     13A1        3     2742       0
                text68                             13B1     13B1        4     2762       0
                text67                             13B9     13B9        5     2772       0
                text66                             13F0     13F0        6     27E0       0
                text65                             13A4     13A4        3     2748       0
                text64                             1714     1714       2D     2E28       0
                text63                             13BE     13BE        5     277C       0
                text62                             1427     1427        9     284E       0
                text61                             1417     1417        8     282E       0
                text60                              A88      A88       53     1510       0
                text59                              9F8      9F8       43     13F0       0
                text58                             1402     1402        7     2804       0
                text57                             13C3     13C3        5     2786       0
                text56                             13C8     13C8        5     2790       0
                text55                             13CD     13CD        5     279A       0
                text54                             13D2     13D2        5     27A4       0
                text53                             13D7     13D7        5     27AE       0
                text52                             13DC     13DC        5     27B8       0
                text51                             13E1     13E1        5     27C2       0
                text50                             13E6     13E6        5     27CC       0
                text49                             16C4     16C4       28     2D88       0
                text48                             16EC     16EC       28     2DD8       0
                text47                             13F6     13F6        6     27EC       0
                text46                             147D     147D        D     28FA       0
                text45                             1627     1627       1C     2C4E       0
                text44                             13EB     13EB        5     27D6       0
                text43                             1498     1498        E     2930       0
                text42                              860      860       36     10C0       0
                text41                             144E     144E        B     289C       0
                text40                             176E     176E       30     2EDC       0
                text39                                9        9       54       12       0
                text38                             13A7     13A7        3     274E       0
                text37                             13B5     13B5        4     276A       0
                text36                             1741     1741       2D     2E82       0
                text35                             1680     1680       20     2D00       0
                text34                             153F     153F       12     2A7E       0
                text33                              D07      D07       90     1A0E       0
                text32                             1661     1661       1F     2CC2       0
                text31                              C7B      C7B       8C     18F6       0
                text30                             179E     179E       31     2F3C       0
                text29                              9B7      9B7       41     136E       0
                text28                               5D       5D      2B4       BA       0
                text27                             1459     1459        C     28B2       0
                text26                             160C     160C       1B     2C18       0
                text25                             1439     1439        A     2872       0
                text24                             1430     1430        9     2860       0
                text23                              905      905       3A     120A       0
                text22                             141F     141F        8     283E       0
                text21                             1564     1564       16     2AC8       0
                text20                             1551     1551       13     2AA2       0
                text19                             13FC     13FC        6     27F8       0
                text18                             1409     1409        7     2812       0
                text17                             1410     1410        7     2820       0
                text16                              D97      D97       93     1B2E       0
                text15                             15D9     15D9       19     2BB2       0
                text14                              ADB      ADB       60     15B6       0
                text13                              B3B      B3B       60     1676       0
                text12                             15F2     15F2       1A     2BE4       0
                text11                             13AA     13AA        3     2754       0
                text10                              311      311      493      622       0
                text9                               A3B      A3B       4D     1476       0
                text8                               82E      82E       32     105C       0
                text7                              152E     152E       11     2A5C       0
                text6                                 5        5        4        0       0
                text5                              17CF     17CF       31     2F9E       0
                text4                               B9B      B9B       61     1736       0
                text3                              1643     1643       1E     2C86       0
                text2                               93F      93F       3A     127E       0
                text1                               BFC      BFC       7F     17F8       0
                maintext                            896      896       37     112C       0
                cstackBANK0                          20       20       2A       20       1
                cstackCOMMON                         70       70        E       70       1
                clrtext                            1465     1465        C     28CA       0
                inittext                           1471     1471        C     28E2       0
                dataBANK3                           1A0      1A0       3E      1A0       1
                dataBANK2                           120      120       38      120       1
                dataBANK1                            A0       A0       2E       A0       1
                bssBANK1                             CE       CE       1D       A0       1
                dataBANK0                            4A       4A       17       20       1
                bssBANK0                             61       61        8       20       1
                nvBANK0                              69       69        2       20       1
                stringtext3                        1834     1834        8     3000       0
                stringtext2                        1820     1820       14     3000       0
                stringtext1                        1800     1800       20     3000       0
                idataBANK3                          979      979       3E     12F2       0
                idataBANK2                          8CD      8CD       38     119A       0
                idataBANK1                          800      800       2E      F48       0
                idataBANK0                         157A     157A       17     2AF4       0
                idataBIGRAM                         E2A      E2A      1D6     1C54       0

TOTAL           Name                               Link     Load   Length     Space
        CLASS   CODE           
                end_init                              3        3        2         0
                cinit                               7A4      7A4       5C         0
                reset_vec                             0        0        3         0
                text93                             138C     138C        3         0
                text92                             138F     138F        3         0
                text91                             1392     1392        3         0
                text90                             1591     1591       18         0
                text89                             1395     1395        3         0
                text88                             1398     1398        3         0
                text87                             139B     139B        3         0
                text86                             148A     148A        E         0
                text85                             16A0     16A0       24         0
                text84                             1443     1443        B         0
                text83                             14A6     14A6       11         0
                text82                             14B7     14B7       11         0
                text81                             14C8     14C8       11         0
                text80                             14D9     14D9       11         0
                text79                             14EA     14EA       11         0
                text78                             15A9     15A9       18         0
                text77                             14FB     14FB       11         0
                text76                             150C     150C       11         0
                text75                             151D     151D       11         0
                text74                             15C1     15C1       18         0
                text73                             1388     1388        2         0
                text72                             138A     138A        2         0
                text71                             139E     139E        3         0
                text70                             13AD     13AD        4         0
                text69                             13A1     13A1        3         0
                text68                             13B1     13B1        4         0
                text67                             13B9     13B9        5         0
                text66                             13F0     13F0        6         0
                text65                             13A4     13A4        3         0
                text64                             1714     1714       2D         0
                text63                             13BE     13BE        5         0
                text62                             1427     1427        9         0
                text61                             1417     1417        8         0
                text60                              A88      A88       53         0
                text59                              9F8      9F8       43         0
                text58                             1402     1402        7         0
                text57                             13C3     13C3        5         0
                text56                             13C8     13C8        5         0
                text55                             13CD     13CD        5         0
                text54                             13D2     13D2        5         0
                text53                             13D7     13D7        5         0
                text52                             13DC     13DC        5         0
                text51                             13E1     13E1        5         0
                text50                             13E6     13E6        5         0
                text49                             16C4     16C4       28         0
                text48                             16EC     16EC       28         0
                text47                             13F6     13F6        6         0
                text46                             147D     147D        D         0
                text45                             1627     1627       1C         0
                text44                             13EB     13EB        5         0
                text43                             1498     1498        E         0
                text42                              860      860       36         0
                text41                             144E     144E        B         0
                text40                             176E     176E       30         0
                text39                                9        9       54         0
                text38                             13A7     13A7        3         0
                text37                             13B5     13B5        4         0
                text36                             1741     1741       2D         0
                text35                             1680     1680       20         0
                text34                             153F     153F       12         0
                text33                              D07      D07       90         0
                text32                             1661     1661       1F         0
                text31                              C7B      C7B       8C         0
                text30                             179E     179E       31         0
                text29                              9B7      9B7       41         0
                text28                               5D       5D      2B4         0
                text27                             1459     1459        C         0
                text26                             160C     160C       1B         0
                text25                             1439     1439        A         0
                text24                             1430     1430        9         0
                text23                              905      905       3A         0
                text22                             141F     141F        8         0
                text21                             1564     1564       16         0
                text20                             1551     1551       13         0
                text19                             13FC     13FC        6         0
                text18                             1409     1409        7         0
                text17                             1410     1410        7         0
                text16                              D97      D97       93         0
                text15                             15D9     15D9       19         0
                text14                              ADB      ADB       60         0
                text13                              B3B      B3B       60         0
                text12                             15F2     15F2       1A         0
                text11                             13AA     13AA        3         0
                text10                              311      311      493         0
                text9                               A3B      A3B       4D         0
                text8                               82E      82E       32         0
                text7                              152E     152E       11         0
                text6                                 5        5        4         0
                text5                              17CF     17CF       31         0
                text4                               B9B      B9B       61         0
                text3                              1643     1643       1E         0
                text2                               93F      93F       3A         0
                text1                               BFC      BFC       7F         0
                maintext                            896      896       37         0
                clrtext                            1465     1465        C         0
                inittext                           1471     1471        C         0
                idataBANK3                          979      979       3E         0
                idataBANK2                          8CD      8CD       38         0
                idataBANK1                          800      800       2E         0
                idataBANK0                         157A     157A       17         0
                idataBIGRAM                         E2A      E2A      1D6         0

        CLASS   STRCODE        
                stringtext3                        1834     1834        8         0
                stringtext2                        1820     1820       14         0
                stringtext1                        1800     1800       20         0

        CLASS   STRING         

        CLASS   CONST          

        CLASS   ENTRY          

        CLASS   COMMON         
                cstackCOMMON                         70       70        E         1

        CLASS   BANK0          
                cstackBANK0                          20       20       2A         1
                dataBANK0                            4A       4A       17         1
                bssBANK0                             61       61        8         1
                nvBANK0                              69       69        2         1

        CLASS   BANK1          
                dataBANK1                            A0       A0       2E         1
                bssBANK1                             CE       CE       1D         1

        CLASS   BANK2          
                dataBANK2                           120      120       38         1

        CLASS   BANK3          
                dataBANK3                           1A0      1A0       3E         1

        CLASS   BANK4          

        CLASS   BANK5          

        CLASS   BANK6          

        CLASS   BANK7          

        CLASS   BANK8          

        CLASS   BANK9          

        CLASS   BANK10         

        CLASS   BANK11         

        CLASS   BANK12         

        CLASS   BIGRAM         

        CLASS   RAM            

        CLASS   ABS1           
                abs_s1                               7E       7E        2         1
                abs_s1                              35A      35A       16         1
                abs_s1                              3A0      3A0       50         1
                abs_s1                              420      420       50         1
                abs_s1                              4A0      4A0       50         1
                abs_s1                              520      520       50         1
                abs_s1                              5A0      5A0       50         1
                abs_s1                              620      620       30         1
                abs_s1                             221A     221A        0         1
                abs_s1                             2312     2312        0         1

        CLASS   SFR0           

        CLASS   SFR1           

        CLASS   SFR2           

        CLASS   SFR3           

        CLASS   SFR4           

        CLASS   SFR5           

        CLASS   SFR6           

        CLASS   SFR7           

        CLASS   SFR8           

        CLASS   SFR9           

        CLASS   SFR10          

        CLASS   SFR11          

        CLASS   SFR12          

        CLASS   SFR13          

        CLASS   SFR14          

        CLASS   SFR15          

        CLASS   SFR16          

        CLASS   SFR17          

        CLASS   SFR18          

        CLASS   SFR19          

        CLASS   SFR20          

        CLASS   SFR21          

        CLASS   SFR22          

        CLASS   SFR23          

        CLASS   SFR24          

        CLASS   SFR25          

        CLASS   SFR26          

        CLASS   SFR27          

        CLASS   SFR28          

        CLASS   SFR29          

        CLASS   SFR30          

        CLASS   SFR31          

        CLASS   CONFIG         
                config                             8007     8007        5         4

        CLASS   IDLOC          
                idloc                              8000     8000        4         5

        CLASS   EEDATA         

        CLASS   BANK31         

        CLASS   BANK30         

        CLASS   BANK29         

        CLASS   BANK28         

        CLASS   BANK27         

        CLASS   BANK26         

        CLASS   BANK25         

        CLASS   BANK24         

        CLASS   BANK23         

        CLASS   BANK22         

        CLASS   BANK21         

        CLASS   BANK20         

        CLASS   BANK19         

        CLASS   BANK18         

        CLASS   BANK17         

        CLASS   BANK16         

        CLASS   BANK15         

        CLASS   BANK14         

        CLASS   BANK13         

        CLASS   HEAP           

        CLASS   STACK          



SEGMENTS        Name                           Load    Length   Top    Selector   Space  Class     Delta

                reset_vec                      000000  000009  000009         0       0  CODE        2
                text39                         000009  000054  00005D        12       0  CODE        2
                cstackBANK0                    000020  00004B  00006B        20       1  BANK0       1
                cstackCOMMON                   000070  00000E  00007E        70       1  COMMON      1
                dataBANK1                      0000A0  00004B  0000EB        A0       1  BANK1       1
                text28                         00005D  0002B4  000311        BA       0  CODE        2
                dataBANK2                      000120  000038  000158       120       1  BANK2       1
                dataBANK3                      0001A0  00003E  0001DE       1A0       1  BANK3       1
                text10                         000311  000493  0007A4       622       0  CODE        2
                cinit                          0007A4  00008A  00082E       F48       0  CODE        2
                text8                          00082E  000032  000860      105C       0  CODE        2
                text42                         000860  000036  000896      10C0       0  CODE        2
                maintext                       000896  000037  0008CD      112C       0  CODE        2
                idataBANK2                     0008CD  000038  000905      119A       0  CODE        2
                text23                         000905  00003A  00093F      120A       0  CODE        2
                text2                          00093F  00003A  000979      127E       0  CODE        2
                idataBANK3                     000979  00003E  0009B7      12F2       0  CODE        2
                text29                         0009B7  000041  0009F8      136E       0  CODE        2
                text59                         0009F8  000043  000A3B      13F0       0  CODE        2
                text9                          000A3B  00004D  000A88      1476       0  CODE        2
                text60                         000A88  000053  000ADB      1510       0  CODE        2
                text14                         000ADB  000060  000B3B      15B6       0  CODE        2
                text13                         000B3B  000060  000B9B      1676       0  CODE        2
                text4                          000B9B  000061  000BFC      1736       0  CODE        2
                text1                          000BFC  00007F  000C7B      17F8       0  CODE        2
                text31                         000C7B  00008C  000D07      18F6       0  CODE        2
                text33                         000D07  000090  000D97      1A0E       0  CODE        2
                text16                         000D97  000093  000E2A      1B2E       0  CODE        2
                idataBIGRAM                    000E2A  0001D6  001000      1C54       0  CODE        2
                text73                         001388  000002  00138A      2710       0  CODE        2
                text72                         00138A  000002  00138C      2714       0  CODE        2
                text93                         00138C  000003  00138F      2718       0  CODE        2
                text92                         00138F  000003  001392      271E       0  CODE        2
                text91                         001392  000003  001395      2724       0  CODE        2
                text89                         001395  000003  001398      272A       0  CODE        2
                text88                         001398  000003  00139B      2730       0  CODE        2
                text87                         00139B  000003  00139E      2736       0  CODE        2
                text71                         00139E  000003  0013A1      273C       0  CODE        2
                text69                         0013A1  000003  0013A4      2742       0  CODE        2
                text65                         0013A4  000003  0013A7      2748       0  CODE        2
                text38                         0013A7  000003  0013AA      274E       0  CODE        2
                text11                         0013AA  000003  0013AD      2754       0  CODE        2
                text70                         0013AD  000004  0013B1      275A       0  CODE        2
                text68                         0013B1  000004  0013B5      2762       0  CODE        2
                text37                         0013B5  000004  0013B9      276A       0  CODE        2
                text67                         0013B9  000005  0013BE      2772       0  CODE        2
                text63                         0013BE  000005  0013C3      277C       0  CODE        2
                text57                         0013C3  000005  0013C8      2786       0  CODE        2
                text56                         0013C8  000005  0013CD      2790       0  CODE        2
                text55                         0013CD  000005  0013D2      279A       0  CODE        2
                text54                         0013D2  000005  0013D7      27A4       0  CODE        2
                text53                         0013D7  000005  0013DC      27AE       0  CODE        2
                text52                         0013DC  000005  0013E1      27B8       0  CODE        2
                text51                         0013E1  000005  0013E6      27C2       0  CODE        2
                text50                         0013E6  000005  0013EB      27CC       0  CODE        2
                text44                         0013EB  000005  0013F0      27D6       0  CODE        2
                text66                         0013F0  000006  0013F6      27E0       0  CODE        2
                text47                         0013F6  000006  0013FC      27EC       0  CODE        2
                text19                         0013FC  000006  001402      27F8       0  CODE        2
                text58                         001402  000007  001409      2804       0  CODE        2
                text18                         001409  000007  001410      2812       0  CODE        2
                text17                         001410  000007  001417      2820       0  CODE        2
                text61                         001417  000008  00141F      282E       0  CODE        2
                text22                         00141F  000008  001427      283E       0  CODE        2
                text62                         001427  000009  001430      284E       0  CODE        2
                text24                         001430  000009  001439      2860       0  CODE        2
                text25                         001439  00000A  001443      2872       0  CODE        2
                text84                         001443  00000B  00144E      2886       0  CODE        2
                text41                         00144E  00000B  001459      289C       0  CODE        2
                text27                         001459  00000C  001465      28B2       0  CODE        2
                clrtext                        001465  00000C  001471      28CA       0  CODE        2
                inittext                       001471  00000C  00147D      28E2       0  CODE        2
                text46                         00147D  00000D  00148A      28FA       0  CODE        2
                text86                         00148A  00000E  001498      2914       0  CODE        2
                text43                         001498  00000E  0014A6      2930       0  CODE        2
                text83                         0014A6  000011  0014B7      294C       0  CODE        2
                text82                         0014B7  000011  0014C8      296E       0  CODE        2
                text81                         0014C8  000011  0014D9      2990       0  CODE        2
                text80                         0014D9  000011  0014EA      29B2       0  CODE        2
                text79                         0014EA  000011  0014FB      29D4       0  CODE        2
                text77                         0014FB  000011  00150C      29F6       0  CODE        2
                text76                         00150C  000011  00151D      2A18       0  CODE        2
                text75                         00151D  000011  00152E      2A3A       0  CODE        2
                text7                          00152E  000011  00153F      2A5C       0  CODE        2
                text34                         00153F  000012  001551      2A7E       0  CODE        2
                text20                         001551  000013  001564      2AA2       0  CODE        2
                text21                         001564  000016  00157A      2AC8       0  CODE        2
                idataBANK0                     00157A  000017  001591      2AF4       0  CODE        2
                text90                         001591  000018  0015A9      2B22       0  CODE        2
                text78                         0015A9  000018  0015C1      2B52       0  CODE        2
                text74                         0015C1  000018  0015D9      2B82       0  CODE        2
                text15                         0015D9  000019  0015F2      2BB2       0  CODE        2
                text12                         0015F2  00001A  00160C      2BE4       0  CODE        2
                text26                         00160C  00001B  001627      2C18       0  CODE        2
                text45                         001627  00001C  001643      2C4E       0  CODE        2
                text3                          001643  00001E  001661      2C86       0  CODE        2
                text32                         001661  00001F  001680      2CC2       0  CODE        2
                text35                         001680  000020  0016A0      2D00       0  CODE        2
                text85                         0016A0  000024  0016C4      2D40       0  CODE        2
                text49                         0016C4  000028  0016EC      2D88       0  CODE        2
                text48                         0016EC  000028  001714      2DD8       0  CODE        2
                text64                         001714  00002D  001741      2E28       0  CODE        2
                text36                         001741  00002D  00176E      2E82       0  CODE        2
                text40                         00176E  000030  00179E      2EDC       0  CODE        2
                text30                         00179E  000031  0017CF      2F3C       0  CODE        2
                text5                          0017CF  000031  001800      2F9E       0  CODE        2
                stringtext1                    001800  00003C  00183C      3000       0  STRCODE     2


UNUSED ADDRESS RANGES

        Name                Unused          Largest block    Delta
        BANK0            0006B-0006F               5           1
        BANK1            000EB-000EF               5           1
        BANK2            00158-0016F              18           1
        BANK3            001DE-001EF              12           1
        BANK4            00220-0026F              50           1
        BANK5            002A0-002EF              50           1
        BANK6            00320-00359              3A           1
        BIGRAM           02000-023EF             3F0           1
        CODE             01000-01387             388           2
                         0183C-01FFF             7C4
        CONST            01000-01387             100           2
                         0183C-01FFF             100
        EEDATA           0F000-0F0FF             100           2
        ENTRY            01000-01387             100           2
                         0183C-01FFF             100
        RAM              0006B-0006F               5           1
                         000EB-000EF               5
                         00158-0016F              18
                         001DE-001EF              12
                         00220-0026F              50
                         002A0-002EF              50
                         00320-00359              3A
        SFR0             00000-0001F              20           1
        SFR1             00080-0009F              20           1
        SFR10            00500-0051F              20           1
        SFR11            00580-0059F              20           1
        SFR12            00600-0061F              20           1
        SFR13            00680-006EF              70           1
        SFR14            00700-0076F              70           1
        SFR15            00780-007EF              70           1
        SFR16            00800-0086F              70           1
        SFR17            00880-008EF              70           1
        SFR18            00900-0096F              70           1
        SFR19            00980-009EF              70           1
        SFR2             00100-0011F              20           1
        SFR20            00A00-00A6F              70           1
        SFR21            00A80-00AEF              70           1
        SFR22            00B00-00B6F              70           1
        SFR23            00B80-00BEF              70           1
        SFR24            00C00-00C6F              70           1
        SFR25            00C80-00CEF              70           1
        SFR26            00D00-00D6F              70           1
        SFR27            00D80-00DEF              70           1
        SFR28            00E00-00E6F              70           1
        SFR29            00E80-00EEF              70           1
        SFR3             00180-0019F              20           1
        SFR30            00F00-00F6F              70           1
        SFR31            00F80-00FEF              70           1
        SFR4             00200-0021F              20           1
        SFR5             00280-0029F              20           1
        SFR6             00300-0031F              20           1
        SFR7             00380-0039F              20           1
        SFR8             00400-0041F              20           1
        SFR9             00480-0049F              20           1
        STRCODE          01000-01387             388           2
                         0183C-01FFF             7C4
        STRING           01000-01387             100           2
                         0183C-01FFF             100

                                  Symbol Table

?_ADCC_GetConversionResult                                cstackCOMMON 00070
?_TLV320AIC32_config                                      cstackBANK0  00023
?_TLV320AIC32_openCodec                                   cstackBANK0  0002F
?___aldiv                                                 cstackCOMMON 00076
?___wmul                                                  cstackCOMMON 00070
ADCC_StartConversion@channel                              cstackCOMMON 00070
CC8531_Init_Data_Send@check_connected                     cstackBANK0  00042
CC8531_Init_Data_Send@check_connected_retry_count         cstackBANK0  00041
CC8531_Init_Data_Send@cmd_count                           cstackBANK0  00047
CC8531_Init_Data_Send@i                                   cstackBANK0  00043
CC8531_Init_Data_Send@i_2032                              cstackBANK0  00045
CC8531_Polling_Data_Send@cmd_count                        cstackBANK0  0003B
DATAEE_ReadByte@bAdd                                      cstackCOMMON 00070
DATAEE_WriteByte@GIEBitValue                              cstackCOMMON 00073
DATAEE_WriteByte@bAdd                                     cstackCOMMON 00070
DATAEE_WriteByte@bData                                    cstackCOMMON 00072
DELAY_microseconds@microseconds                           cstackCOMMON 00070
DELAY_milliseconds@milliseconds                           cstackCOMMON 00070
I2C1_CallbackReturnReset@funPtr                           cstackCOMMON 00077
I2C1_Close@returnValue                                    cstackCOMMON 00070
I2C1_MasterOperation@read                                 cstackCOMMON 0007C
I2C1_MasterOperation@returnValue                          cstackCOMMON 0007D
I2C1_MasterSendTxData@data                                cstackCOMMON 00070
I2C1_Open@address                                         cstackCOMMON 00070
I2C1_Open@returnValue                                     cstackCOMMON 00071
I2C1_SetAddressNackCallback@cb                            cstackCOMMON 00074
I2C1_SetAddressNackCallback@ptr                           cstackCOMMON 00076
I2C1_SetBuffer@buffer                                     cstackCOMMON 00072
I2C1_SetBuffer@bufferSize                                 cstackCOMMON 00070
I2C1_SetCallback@cb                                       cstackCOMMON 00070
I2C1_SetCallback@idx                                      cstackCOMMON 00073
I2C1_SetCallback@ptr                                      cstackCOMMON 00072
I2C1_SetDataCompleteCallback@cb                           cstackCOMMON 00074
I2C1_SetDataCompleteCallback@ptr                          cstackCOMMON 00076
I2C1_Write1ByteRegister@address                           cstackBANK0  00022
I2C1_Write1ByteRegister@data                              cstackBANK0  00021
I2C1_Write1ByteRegister@reg                               cstackBANK0  00020
SPI2_Open@spi2UniqueConfiguration                         cstackCOMMON 00073
SPI2_WriteByte@byte                                       cstackCOMMON 00070
TLV320AIC32_config@aic32                                  cstackBANK0  00023
TLV320AIC32_config@cmd                                    cstackBANK0  0002B
TLV320AIC32_config@config                                 cstackBANK0  00025
TLV320AIC32_config@i                                      cstackBANK0  0002D
TLV320AIC32_config@regval                                 cstackBANK0  0002C
TLV320AIC32_config@retcode                                cstackBANK0  00029
TLV320AIC32_openCodec@config                              cstackBANK0  00033
TLV320AIC32_openCodec@id                                  cstackBANK0  0002F
TLV320AIC32_openCodec@retcode                             cstackBANK0  00035
TLV320_Mute@cmd                                           cstackBANK0  0003C
TLV320_Mute@i                                             cstackBANK0  0003E
TLV320_Mute@on_off                                        cstackBANK0  0003B
TLV320_Mute@regval                                        cstackBANK0  0003D
TLV320_SetHeadphoneVol@cmd                                cstackBANK0  00024
TLV320_SetHeadphoneVol@i                                  cstackBANK0  00027
TLV320_SetHeadphoneVol@regval                             cstackBANK0  00025
TLV320_SetHeadphoneVol@volume                             cstackBANK0  00026
_ADACCH                                                   (abs)        00091
_ADACCL                                                   (abs)        00090
_ADACQ                                                    (abs)        0009D
_ADACT                                                    (abs)        00099
_ADCAP                                                    (abs)        0009B
_ADCC_GetConversionResult                                 text19       013FC
_ADCC_Initialize                                          text26       0160C
_ADCC_IsConversionDone                                    text18       01409
_ADCC_StartConversion                                     text17       01410
_ADCLK                                                    (abs)        00098
_ADCNT                                                    (abs)        0010C
_ADCON0                                                   (abs)        00093
_ADCON0bits                                               (abs)        00093
_ADCON1                                                   (abs)        00094
_ADCON1bits                                               (abs)        00094
_ADCON2                                                   (abs)        00095
_ADCON2bits                                               (abs)        00095
_ADCON3                                                   (abs)        00096
_ADCON3bits                                               (abs)        00096
_ADERRH                                                   (abs)        00117
_ADERRL                                                   (abs)        00116
_ADFLTRH                                                  (abs)        00115
_ADFLTRL                                                  (abs)        00114
_ADLTHH                                                   (abs)        0010F
_ADLTHL                                                   (abs)        0010E
_ADPCH                                                    (abs)        0009E
_ADPRE                                                    (abs)        0009C
_ADPREVH                                                  (abs)        0008F
_ADPREVL                                                  (abs)        0008E
_ADREF                                                    (abs)        0009A
_ADRESH                                                   (abs)        0008D
_ADRESL                                                   (abs)        0008C
_ADRPT                                                    (abs)        0010D
_ADSTAT                                                   (abs)        00097
_ADSTATbits                                               (abs)        00097
_ADSTPTH                                                  (abs)        00113
_ADSTPTL                                                  (abs)        00112
_ADUTHH                                                   (abs)        00111
_ADUTHL                                                   (abs)        00110
_ANSELA                                                   (abs)        00F38
_ANSELB                                                   (abs)        00F43
_ANSELC                                                   (abs)        00F4E
_CC8531_Init_Data_Send                                    text10       00311
_CC8531_Polling_Data_Send                                 text28       0005D
_DATAEE_ReadByte                                          text27       01459
_DATAEE_WriteByte                                         text3        01643
_DELAY_microseconds                                       text35       01680
_DELAY_milliseconds                                       text34       0153F
_I2C1_CallbackReturnReset                                 text72       0138A
_I2C1_CallbackReturnStop                                  text73       01388
_I2C1_Close                                               text90       01591
_I2C1_DO_ADDRESS_NACK                                     text49       016C4
_I2C1_DO_IDLE                                             text63       013BE
_I2C1_DO_RCEN                                             text58       01402
_I2C1_DO_RESET                                            text50       013E6
_I2C1_DO_RX                                               text59       009F8
_I2C1_DO_RX_ACK                                           text53       013D7
_I2C1_DO_RX_NACK_RESTART                                  text51       013E1
_I2C1_DO_RX_NACK_STOP                                     text52       013DC
_I2C1_DO_SEND_ADR_READ                                    text62       01427
_I2C1_DO_SEND_ADR_WRITE                                   text61       01417
_I2C1_DO_SEND_RESTART                                     text55       013CD
_I2C1_DO_SEND_RESTART_READ                                text57       013C3
_I2C1_DO_SEND_RESTART_WRITE                               text56       013C8
_I2C1_DO_SEND_STOP                                        text54       013D2
_I2C1_DO_TX                                               text60       00A88
_I2C1_DO_TX_EMPTY                                         text64       01714
_I2C1_Initialize                                          text25       01439
_I2C1_MasterClearIrq                                      text93       0138C
_I2C1_MasterClose                                         text92       0138F
_I2C1_MasterDisableIrq                                    text91       01392
_I2C1_MasterEnableRestart                                 text88       01398
_I2C1_MasterFsm                                           text48       016EC
_I2C1_MasterGetRxData                                     text69       013A1
_I2C1_MasterIsNack                                        text66       013F0
_I2C1_MasterOpen                                          text43       01498
_I2C1_MasterOperation                                     text45       01627
_I2C1_MasterSendAck                                       text68       013B1
_I2C1_MasterSendNack                                      text70       013AD
_I2C1_MasterSendTxData                                    text67       013B9
_I2C1_MasterSetIrq                                        text65       013A4
_I2C1_MasterStart                                         text89       01395
_I2C1_MasterStartRx                                       text71       0139E
_I2C1_MasterStop                                          text87       0139B
_I2C1_MasterWaitForEvent                                  text47       013F6
_I2C1_MasterWrite                                         text44       013EB
_I2C1_Open                                                text42       00860
_I2C1_Poller                                              text46       0147D
_I2C1_SetAddressNackCallback                              text41       0144E
_I2C1_SetBuffer                                           text86       0148A
_I2C1_SetCallback                                         text85       016A0
_I2C1_SetDataCompleteCallback                             text84       01443
_I2C1_Status                                              bssBANK1     000CE
_I2C1_Write1ByteRegister                                  text40       0176E
_INLVLA                                                   (abs)        00F3C
_INLVLB                                                   (abs)        00F47
_INLVLC                                                   (abs)        00F52
_INLVLE                                                   (abs)        00F68
_INTCONbits                                               (abs)        0000B
_LATA                                                     (abs)        00016
_LATAbits                                                 (abs)        00016
_LATB                                                     (abs)        00017
_LATBbits                                                 (abs)        00017
_LATC                                                     (abs)        00018
_LATCbits                                                 (abs)        00018
_MASTER0_open                                             (abs)        00000
_NVMADRH                                                  (abs)        0081B
_NVMADRL                                                  (abs)        0081A
_NVMCON1bits                                              (abs)        0081E
_NVMCON2                                                  (abs)        0081F
_NVMDATH                                                  (abs)        0081D
_NVMDATL                                                  (abs)        0081C
_ODCONA                                                   (abs)        00F3A
_ODCONB                                                   (abs)        00F45
_ODCONC                                                   (abs)        00F50
_OSCCON1                                                  (abs)        0088D
_OSCCON3                                                  (abs)        0088F
_OSCEN                                                    (abs)        00891
_OSCFRQ                                                   (abs)        00893
_OSCILLATOR_Initialize                                    text24       01430
_OSCTUNE                                                  (abs)        00892
_PIE3bits                                                 (abs)        00719
_PIN_MANAGER_Initialize                                   text23       00905
_PIR3bits                                                 (abs)        0070F
_PMD0                                                     (abs)        00796
_PMD1                                                     (abs)        00797
_PMD2                                                     (abs)        00798
_PMD3                                                     (abs)        00799
_PMD4                                                     (abs)        0079A
_PMD5                                                     (abs)        0079B
_PMD_Initialize                                           text22       0141F
_PORTAbits                                                (abs)        0000C
_PORTBbits                                                (abs)        0000D
_PORTCbits                                                (abs)        0000E
_RB1PPS                                                   (abs)        00F19
_RB3PPS                                                   (abs)        00F1B
_RC3PPS                                                   (abs)        00F23
_RC4PPS                                                   (abs)        00F24
_SLRCONA                                                  (abs)        00F3B
_SLRCONB                                                  (abs)        00F46
_SLRCONC                                                  (abs)        00F51
_SPI2_Close                                               text11       013AA
_SPI2_ExchangeBlock                                       (abs)        00000
_SPI2_ExchangeByte                                        (abs)        00000
_SPI2_Initialize                                          text21       01564
_SPI2_Open                                                text39       00009
_SPI2_ReadBlock                                           (abs)        00000
_SPI2_ReadByte                                            text38       013A7
_SPI2_WriteBlock                                          (abs)        00000
_SPI2_WriteByte                                           text37       013B5
_SSP1ADD                                                  (abs)        0018D
_SSP1BUF                                                  (abs)        0018C
_SSP1CLKPPS                                               (abs)        00EC5
_SSP1CON1                                                 (abs)        00190
_SSP1CON1bits                                             (abs)        00190
_SSP1CON2                                                 (abs)        00191
_SSP1CON2bits                                             (abs)        00191
_SSP1DATPPS                                               (abs)        00EC6
_SSP1STAT                                                 (abs)        0018F
_SSP1STATbits                                             (abs)        0018F
_SSP2ADD                                                  (abs)        00197
_SSP2BUF                                                  (abs)        00196
_SSP2CLKPPS                                               (abs)        00EC8
_SSP2CON1                                                 (abs)        0019A
_SSP2CON1bits                                             (abs)        0019A
_SSP2CON2                                                 (abs)        0019B
_SSP2DATPPS                                               (abs)        00EC9
_SSP2STAT                                                 (abs)        00199
_SYSTEM_Initialize                                        text20       01551
_TLV320AIC32_config                                       text9        00A3B
_TLV320AIC32_openCodec                                    text8        0082E
_TLV320_Mute                                              text14       00ADB
_TLV320_SetHeadphoneVol                                   text2        0093F
_TRISA                                                    (abs)        00011
_TRISB                                                    (abs)        00012
_TRISBbits                                                (abs)        00012
_TRISC                                                    (abs)        00013
_WPUA                                                     (abs)        00F39
_WPUB                                                     (abs)        00F44
_WPUC                                                     (abs)        00F4F
_WPUE                                                     (abs)        00F65
__Habs1                                                   abs1         00000
__Hbank0                                                  bank0        00000
__Hbank1                                                  bank1        00000
__Hbank10                                                 bank10       00000
__Hbank11                                                 bank11       00000
__Hbank12                                                 bank12       00000
__Hbank13                                                 bank13       00000
__Hbank14                                                 bank14       00000
__Hbank15                                                 bank15       00000
__Hbank16                                                 bank16       00000
__Hbank17                                                 bank17       00000
__Hbank18                                                 bank18       00000
__Hbank19                                                 bank19       00000
__Hbank2                                                  bank2        00000
__Hbank20                                                 bank20       00000
__Hbank21                                                 bank21       00000
__Hbank22                                                 bank22       00000
__Hbank23                                                 bank23       00000
__Hbank24                                                 bank24       00000
__Hbank25                                                 bank25       00000
__Hbank26                                                 bank26       00000
__Hbank27                                                 bank27       00000
__Hbank28                                                 bank28       00000
__Hbank29                                                 bank29       00000
__Hbank3                                                  bank3        00000
__Hbank30                                                 bank30       00000
__Hbank31                                                 bank31       00000
__Hbank4                                                  bank4        00000
__Hbank5                                                  bank5        00000
__Hbank6                                                  bank6        00000
__Hbank7                                                  bank7        00000
__Hbank8                                                  bank8        00000
__Hbank9                                                  bank9        00000
__Hbigram                                                 bigram       00000
__HbssBANK0                                               bssBANK0     00000
__HbssBANK1                                               bssBANK1     00000
__Hcinit                                                  cinit        00800
__Hclrtext                                                clrtext      00000
__Hcode                                                   code         00000
__Hcommon                                                 common       00000
__Hconfig                                                 config       0800C
__HcstackBANK0                                            cstackBANK0  00000
__HcstackCOMMON                                           cstackCOMMON 00000
__HdataBANK0                                              dataBANK0    00000
__HdataBANK1                                              dataBANK1    00000
__HdataBANK2                                              dataBANK2    00000
__HdataBANK3                                              dataBANK3    00000
__HdataBIGRAM                                             dataBIGRAM   00000
__Heeprom_data                                            eeprom_data  00000
__Hend_init                                               end_init     00005
__Hfunctab                                                functab      00000
__Hheap                                                   heap         00000
__HidataBANK0                                             idataBANK0   00000
__HidataBANK1                                             idataBANK1   00000
__HidataBANK2                                             idataBANK2   00000
__HidataBANK3                                             idataBANK3   00000
__HidataBIGRAM                                            idataBIGRAM  00000
__Hidloc                                                  idloc        08004
__Hinit                                                   init         00003
__Hinittext                                               inittext     00000
__Hintentry                                               intentry     00003
__Hmaintext                                               maintext     00000
__HnvBANK0                                                nvBANK0      00000
__Hpowerup                                                powerup      00000
__Hram                                                    ram          00000
__Hreset_vec                                              reset_vec    00003
__Hsfr0                                                   sfr0         00000
__Hsfr1                                                   sfr1         00000
__Hsfr10                                                  sfr10        00000
__Hsfr11                                                  sfr11        00000
__Hsfr12                                                  sfr12        00000
__Hsfr13                                                  sfr13        00000
__Hsfr14                                                  sfr14        00000
__Hsfr15                                                  sfr15        00000
__Hsfr16                                                  sfr16        00000
__Hsfr17                                                  sfr17        00000
__Hsfr18                                                  sfr18        00000
__Hsfr19                                                  sfr19        00000
__Hsfr2                                                   sfr2         00000
__Hsfr20                                                  sfr20        00000
__Hsfr21                                                  sfr21        00000
__Hsfr22                                                  sfr22        00000
__Hsfr23                                                  sfr23        00000
__Hsfr24                                                  sfr24        00000
__Hsfr25                                                  sfr25        00000
__Hsfr26                                                  sfr26        00000
__Hsfr27                                                  sfr27        00000
__Hsfr28                                                  sfr28        00000
__Hsfr29                                                  sfr29        00000
__Hsfr3                                                   sfr3         00000
__Hsfr30                                                  sfr30        00000
__Hsfr31                                                  sfr31        00000
__Hsfr4                                                   sfr4         00000
__Hsfr5                                                   sfr5         00000
__Hsfr6                                                   sfr6         00000
__Hsfr7                                                   sfr7         00000
__Hsfr8                                                   sfr8         00000
__Hsfr9                                                   sfr9         00000
__Hspace_0                                                (abs)        0183C
__Hspace_1                                                (abs)        001DE
__Hspace_2                                                (abs)        00000
__Hspace_3                                                (abs)        00000
__Hspace_4                                                (abs)        10013
__Hstack                                                  stack        00000
__Hstrings                                                strings      00000
__Hstringtext1                                            stringtext1  00000
__Hstringtext2                                            stringtext2  00000
__Hstringtext3                                            stringtext3  00000
__Htext                                                   text         00000
__Labs1                                                   abs1         00000
__Lbank0                                                  bank0        00000
__Lbank1                                                  bank1        00000
__Lbank10                                                 bank10       00000
__Lbank11                                                 bank11       00000
__Lbank12                                                 bank12       00000
__Lbank13                                                 bank13       00000
__Lbank14                                                 bank14       00000
__Lbank15                                                 bank15       00000
__Lbank16                                                 bank16       00000
__Lbank17                                                 bank17       00000
__Lbank18                                                 bank18       00000
__Lbank19                                                 bank19       00000
__Lbank2                                                  bank2        00000
__Lbank20                                                 bank20       00000
__Lbank21                                                 bank21       00000
__Lbank22                                                 bank22       00000
__Lbank23                                                 bank23       00000
__Lbank24                                                 bank24       00000
__Lbank25                                                 bank25       00000
__Lbank26                                                 bank26       00000
__Lbank27                                                 bank27       00000
__Lbank28                                                 bank28       00000
__Lbank29                                                 bank29       00000
__Lbank3                                                  bank3        00000
__Lbank30                                                 bank30       00000
__Lbank31                                                 bank31       00000
__Lbank4                                                  bank4        00000
__Lbank5                                                  bank5        00000
__Lbank6                                                  bank6        00000
__Lbank7                                                  bank7        00000
__Lbank8                                                  bank8        00000
__Lbank9                                                  bank9        00000
__Lbigram                                                 bigram       00000
__LbssBANK0                                               bssBANK0     00000
__LbssBANK1                                               bssBANK1     00000
__Lcinit                                                  cinit        007A4
__Lclrtext                                                clrtext      00000
__Lcode                                                   code         00000
__Lcommon                                                 common       00000
__Lconfig                                                 config       00000
__LcstackBANK0                                            cstackBANK0  00000
__LcstackCOMMON                                           cstackCOMMON 00000
__LdataBANK0                                              dataBANK0    00000
__LdataBANK1                                              dataBANK1    00000
__LdataBANK2                                              dataBANK2    00000
__LdataBANK3                                              dataBANK3    00000
__LdataBIGRAM                                             dataBIGRAM   00000
__Leeprom_data                                            eeprom_data  00000
__Lend_init                                               end_init     00003
__Lfunctab                                                functab      00000
__Lheap                                                   heap         00000
__LidataBANK0                                             idataBANK0   00000
__LidataBANK1                                             idataBANK1   00000
__LidataBANK2                                             idataBANK2   00000
__LidataBANK3                                             idataBANK3   00000
__LidataBIGRAM                                            idataBIGRAM  00000
__Lidloc                                                  idloc        00000
__Linit                                                   init         00003
__Linittext                                               inittext     00000
__Lintentry                                               intentry     00003
__Lmaintext                                               maintext     00000
__LnvBANK0                                                nvBANK0      00000
__Lpowerup                                                powerup      00000
__Lram                                                    ram          00000
__Lreset_vec                                              reset_vec    00000
__Lsfr0                                                   sfr0         00000
__Lsfr1                                                   sfr1         00000
__Lsfr10                                                  sfr10        00000
__Lsfr11                                                  sfr11        00000
__Lsfr12                                                  sfr12        00000
__Lsfr13                                                  sfr13        00000
__Lsfr14                                                  sfr14        00000
__Lsfr15                                                  sfr15        00000
__Lsfr16                                                  sfr16        00000
__Lsfr17                                                  sfr17        00000
__Lsfr18                                                  sfr18        00000
__Lsfr19                                                  sfr19        00000
__Lsfr2                                                   sfr2         00000
__Lsfr20                                                  sfr20        00000
__Lsfr21                                                  sfr21        00000
__Lsfr22                                                  sfr22        00000
__Lsfr23                                                  sfr23        00000
__Lsfr24                                                  sfr24        00000
__Lsfr25                                                  sfr25        00000
__Lsfr26                                                  sfr26        00000
__Lsfr27                                                  sfr27        00000
__Lsfr28                                                  sfr28        00000
__Lsfr29                                                  sfr29        00000
__Lsfr3                                                   sfr3         00000
__Lsfr30                                                  sfr30        00000
__Lsfr31                                                  sfr31        00000
__Lsfr4                                                   sfr4         00000
__Lsfr5                                                   sfr5         00000
__Lsfr6                                                   sfr6         00000
__Lsfr7                                                   sfr7         00000
__Lsfr8                                                   sfr8         00000
__Lsfr9                                                   sfr9         00000
__Lspace_0                                                (abs)        00000
__Lspace_1                                                (abs)        00000
__Lspace_2                                                (abs)        00000
__Lspace_3                                                (abs)        00000
__Lspace_4                                                (abs)        00000
__Lstack                                                  stack        00000
__Lstrings                                                strings      00000
__Lstringtext1                                            stringtext1  00000
__Lstringtext2                                            stringtext2  00000
__Lstringtext3                                            stringtext3  00000
__Ltext                                                   text         00000
__S0                                                      (abs)        0183C
__S1                                                      (abs)        001DE
__S3                                                      (abs)        00000
___aldiv                                                  text33       00D07
___aldiv@counter                                          cstackBANK0  00021
___aldiv@dividend                                         cstackCOMMON 0007A
___aldiv@divisor                                          cstackCOMMON 00076
___aldiv@quotient                                         cstackBANK0  00023
___aldiv@sign                                             cstackBANK0  00022
___heap_hi                                                (abs)        00000
___heap_lo                                                (abs)        00000
___int_sp                                                 stack        00000
___latbits                                                (abs)        00002
___sp                                                     stack        00000
___stackhi                                                (abs)        00000
___stacklo                                                (abs)        00000
___wmul                                                   text32       01661
___wmul@multiplicand                                      cstackCOMMON 00072
___wmul@multiplier                                        cstackCOMMON 00070
___wmul@product                                           cstackCOMMON 00074
__end_of_ADCC_GetConversionResult                         text19       01402
__end_of_ADCC_Initialize                                  text26       01627
__end_of_ADCC_IsConversionDone                            text18       01410
__end_of_ADCC_StartConversion                             text17       01417
__end_of_CC8531_Init_Data_Send                            text10       007A4
__end_of_CC8531_Polling_Data_Send                         text28       00311
__end_of_DATAEE_ReadByte                                  text27       01465
__end_of_DATAEE_WriteByte                                 text3        01661
__end_of_DELAY_microseconds                               text35       016A0
__end_of_DELAY_milliseconds                               text34       01551
__end_of_I2C1_CallbackReturnReset                         text72       0138C
__end_of_I2C1_CallbackReturnStop                          text73       0138A
__end_of_I2C1_Close                                       text90       015A9
__end_of_I2C1_DO_ADDRESS_NACK                             text49       016EC
__end_of_I2C1_DO_IDLE                                     text63       013C3
__end_of_I2C1_DO_RCEN                                     text58       01409
__end_of_I2C1_DO_RESET                                    text50       013EB
__end_of_I2C1_DO_RX                                       text59       00A3B
__end_of_I2C1_DO_RX_ACK                                   text53       013DC
__end_of_I2C1_DO_RX_NACK_RESTART                          text51       013E6
__end_of_I2C1_DO_RX_NACK_STOP                             text52       013E1
[...]
__pmaintext                                               maintext     00896
__pnvBANK0                                                nvBANK0      00069
__pstringtext1                                            stringtext1  01800
__pstringtext2                                            stringtext2  01820
__pstringtext3                                            stringtext3  01834
__ptext1                                                  text1        00BFC
__ptext10                                                 text10       00311
__ptext11                                                 text11       013AA
__ptext12                                                 text12       015F2
__ptext13                                                 text13       00B3B
__ptext14                                                 text14       00ADB
__ptext15                                                 text15       015D9
__ptext16                                                 text16       00D97
__ptext17                                                 text17       01410
__ptext18                                                 text18       01409
__ptext19                                                 text19       013FC
__ptext2                                                  text2        0093F
__ptext20                                                 text20       01551
__ptext21                                                 text21       01564
__ptext22                                                 text22       0141F
__ptext23                                                 text23       00905
__ptext24                                                 text24       01430
__ptext25                                                 text25       01439
__ptext26                                                 text26       0160C
__ptext27                                                 text27       01459
__ptext28                                                 text28       0005D
__ptext29                                                 text29       009B7
__ptext3                                                  text3        01643
__ptext30                                                 text30       0179E
__ptext31                                                 text31       00C7B
__ptext32                                                 text32       01661
__ptext33                                                 text33       00D07
__ptext34                                                 text34       0153F
__ptext35                                                 text35       01680
__ptext36                                                 text36       01741
__ptext37                                                 text37       013B5
__ptext38                                                 text38       013A7
__ptext39                                                 text39       00009
__ptext4                                                  text4        00B9B
__ptext40                                                 text40       0176E
__ptext41                                                 text41       0144E
__ptext42                                                 text42       00860
__ptext43                                                 text43       01498
__ptext44                                                 text44       013EB
__ptext45                                                 text45       01627
__ptext46                                                 text46       0147D
__ptext47                                                 text47       013F6
__ptext48                                                 text48       016EC
__ptext49                                                 text49       016C4
__ptext5                                                  text5        017CF
__ptext50                                                 text50       013E6
__ptext51                                                 text51       013E1
__ptext52                                                 text52       013DC
__ptext53                                                 text53       013D7
__ptext54                                                 text54       013D2
__ptext55                                                 text55       013CD
__ptext56                                                 text56       013C8
__ptext57                                                 text57       013C3
__ptext58                                                 text58       01402
__ptext59                                                 text59       009F8
__ptext6                                                  text6        00005
__ptext60                                                 text60       00A88
__ptext61                                                 text61       01417
__ptext62                                                 text62       01427
__ptext63                                                 text63       013BE
__ptext64                                                 text64       01714
__ptext65                                                 text65       013A4
__ptext66                                                 text66       013F0
__ptext67                                                 text67       013B9
__ptext68                                                 text68       013B1
__ptext69                                                 text69       013A1
__ptext7                                                  text7        0152E
__ptext70                                                 text70       013AD
__ptext71                                                 text71       0139E
__ptext72                                                 text72       0138A
__ptext73                                                 text73       01388
__ptext74                                                 text74       015C1
__ptext75                                                 text75       0151D
__ptext76                                                 text76       0150C
__ptext77                                                 text77       014FB
__ptext78                                                 text78       015A9
__ptext79                                                 text79       014EA
__ptext8                                                  text8        0082E
__ptext80                                                 text80       014D9
__ptext81                                                 text81       014C8
__ptext82                                                 text82       014B7
__ptext83                                                 text83       014A6
__ptext84                                                 text84       01443
__ptext85                                                 text85       016A0
__ptext86                                                 text86       0148A
__ptext87                                                 text87       0139B
__ptext88                                                 text88       01398
__ptext89                                                 text89       01395
__ptext9                                                  text9        00A3B
__ptext90                                                 text90       01591
__ptext91                                                 text91       01392
__ptext92                                                 text92       0138F
__ptext93                                                 text93       0138C
_aic32_headphoneout                                       text7        0152E
_aic32_test                                               text6        00005
_aic32config_page                                         (abs)        0221A
_battery_count                                            bssBANK0     00064
_beep                                                     text31       00C7B
_button_push_play                                         text15       015D9
_cc8531_init_data                                         (abs)        02312
_cc8531_polling_data                                      dataBANK3    001A0
_charge_display                                           text16       00D97
_i2c1_fsmStateTable                                       stringtext1  01800
_key_count                                                bssBANK0     00061
_key_pressed_mute                                         bssBANK0     00065
_key_pressed_volume                                       bssBANK0     00066
_led_control                                              text36       01741
_main                                                     maintext     00896
_mic_detect                                               text13       00B3B
_mic_state_choosed                                        dataBANK0    00060
_power_off                                                text12       015F2
_power_off_buzzer                                         text30       0179E
_power_off_sequence                                       text29       009B7
_power_on                                                 text4        00B9B
_power_on_buzzer                                          text5        017CF
_rd1RegCompleteHandler                                    text81       014C8
_rd1RegCompleteHandler@i2c1_master_example$F264           text77       014FB
_rd2RegCompleteHandler                                    text80       014D9
_rd2RegCompleteHandler@i2c1_master_example$F275           text76       0150C
_rdBlkRegCompleteHandler                                  text78       015A9
_rdBlkRegCompleteHandler@i2c1_master_example$F298         text74       015C1
_spi2_configuration                                       stringtext3  01834
_streaming_off_flag                                       bssBANK0     00063
_tlv320_mic_control                                       dataBANK2    00120
_tlv320_volume@tlv320aic32$F2047                          dataBANK0    0004A
_tlv320_volume_up                                         dataBANK1    000A0
_volume_control                                           text1        00BFC
_volume_count                                             nvBANK0      00069
_wr1RegCompleteHandler                                    text82       014B7
_wr1RegCompleteHandler@i2c1_master_example$F281           text75       0151D
_wr2RegCompleteHandler                                    text79       014EA
_wr2RegCompleteHandler@i2c1_master_example$F287           text83       014A6
beep@beepDelay                                            cstackBANK0  00036
beep@duration                                             cstackBANK0  00029
beep@i                                                    cstackBANK0  00034
beep@note                                                 cstackBANK0  00027
beep@time                                                 cstackBANK0  00030
btemp                                                     (abs)        0007E
charge_display@charger_temp                               cstackBANK0  0003C
charge_display@charger_value                              cstackBANK0  0003E
clear_ram0                                                clrtext      01465
end_of_initialization                                     cinit        007FD
init_ram                                                  inittext     01471
intlevel0                                                 functab      00000
intlevel1                                                 functab      00000
intlevel2                                                 functab      00000
intlevel3                                                 functab      00000
intlevel4                                                 functab      00000
intlevel5                                                 functab      00000
led_control@led_state                                     cstackCOMMON 00072
mic_detect@mic_detect_value                               cstackBANK0  0003F
rd1RegCompleteHandler@i2c1_master_example$F264@ptr        cstackCOMMON 00077
rd1RegCompleteHandler@p                                   cstackCOMMON 00077
rd2RegCompleteHandler@i2c1_master_example$F275@ptr        cstackCOMMON 00077
rd2RegCompleteHandler@p                                   cstackCOMMON 00077
rdBlkRegCompleteHandler@i2c1_master_example$F298@ptr      cstackCOMMON 00077
rdBlkRegCompleteHandler@p                                 cstackCOMMON 00077
reset_vec                                                 reset_vec    00000
start                                                     init         00003
start_initialization                                      cinit        007A4
volume_control@convertedValue                             cstackBANK0  0003A
wr1RegCompleteHandler@i2c1_master_example$F281@ptr        cstackCOMMON 00077
wr1RegCompleteHandler@p                                   cstackCOMMON 00077
wr2RegCompleteHandler@i2c1_master_example$F287@ptr        cstackCOMMON 00077
wr2RegCompleteHandler@p                                   cstackCOMMON 00077
wtemp0                                                    (abs)        0007E


MODULE INFORMATION

Module		Function		Class		Link	Load	Size
CC8531_Control_spi.c
		_CC8531_Init_Data_Send		CODE           	0311	0000	1171
		_CC8531_Polling_Data_Send		CODE           	005D	0000	692

CC8531_Control_spi.c estimated size: 1863

mcc_generated_files/examples/i2c1_master_example.c
		_rdBlkRegCompleteHandler@i2c1_master_example$F298		CODE           	15C1	0000	24
		_rd1RegCompleteHandler@i2c1_master_example$F264		CODE           	14FB	0000	17
		_rd2RegCompleteHandler@i2c1_master_example$F275		CODE           	150C	0000	17
		_I2C1_Write1ByteRegister		CODE           	176E	0000	48
		_wr1RegCompleteHandler@i2c1_master_example$F281		CODE           	151D	0000	17
		_wr2RegCompleteHandler@i2c1_master_example$F287		CODE           	14A6	0000	17

mcc_generated_files/examples/i2c1_master_example.c estimated size: 140

tlv320aic32_registers.c
		_TLV320AIC32_config		CODE           	0A3B	0000	77

tlv320aic32_registers.c estimated size: 77

mcc_generated_files/i2c1_master.c
		_I2C1_DO_SEND_RESTART		CODE           	13CD	0000	5
		_I2C1_DO_TX_EMPTY		CODE           	1714	0000	45
		_I2C1_DO_SEND_RESTART_READ		CODE           	13C3	0000	5
		_I2C1_CallbackReturnStop		CODE           	1388	0000	2
		_I2C1_DO_RX    		CODE           	09F8	0000	67
		_I2C1_DO_TX    		CODE           	0A88	0000	83
		_I2C1_SetAddressNackCallback		CODE           	144E	0000	11
		_I2C1_DO_IDLE  		CODE           	13BE	0000	5
		_I2C1_MasterOpen		CODE           	1498	0000	14
		_I2C1_DO_RCEN  		CODE           	1402	0000	7
		_I2C1_MasterSendTxData		CODE           	13B9	0000	5
		_I2C1_MasterStop		CODE           	139B	0000	3
		_I2C1_CallbackReturnReset		CODE           	138A	0000	2
		_I2C1_DO_RESET 		CODE           	13E6	0000	5
		_I2C1_MasterStartRx		CODE           	139E	0000	3
		_I2C1_Poller   		CODE           	147D	0000	13
		_I2C1_DO_RX_ACK		CODE           	13D7	0000	5
		_I2C1_MasterWaitForEvent		CODE           	13F6	0000	6
		_I2C1_MasterSendNack		CODE           	13AD	0000	4
		_I2C1_DO_RX_NACK_RESTART		CODE           	13E1	0000	5
		_I2C1_MasterDisableIrq		CODE           	1392	0000	3
		_I2C1_MasterOperation		CODE           	1627	0000	28
		_I2C1_SetCallback		CODE           	16A0	0000	36
		_I2C1_MasterEnableRestart		CODE           	1398	0000	3
		_I2C1_Open     		CODE           	0860	0000	54
		_I2C1_DO_ADDRESS_NACK		CODE           	16C4	0000	40
		_I2C1_SetBuffer		CODE           	148A	0000	14
		_I2C1_DO_SEND_RESTART_WRITE		CODE           	13C8	0000	5
		_I2C1_MasterClose		CODE           	138F	0000	3
		_I2C1_MasterWrite		CODE           	13EB	0000	5
		_I2C1_Initialize		CODE           	1439	0000	10
		_I2C1_Close    		CODE           	1591	0000	24
		_I2C1_MasterIsNack		CODE           	13F0	0000	6
		_I2C1_MasterStart		CODE           	1395	0000	3
		_I2C1_DO_SEND_ADR_WRITE		CODE           	1417	0000	8
		_I2C1_MasterClearIrq		CODE           	138C	0000	3
		_I2C1_SetDataCompleteCallback		CODE           	1443	0000	11
		_I2C1_DO_SEND_STOP		CODE           	13D2	0000	5
		_I2C1_MasterSendAck		CODE           	13B1	0000	4
		_I2C1_MasterFsm		CODE           	16EC	0000	40
		_I2C1_MasterGetRxData		CODE           	13A1	0000	3
		_I2C1_MasterSetIrq		CODE           	13A4	0000	3
		_I2C1_DO_SEND_ADR_READ		CODE           	1427	0000	9
		_I2C1_DO_RX_NACK_STOP		CODE           	13DC	0000	5

mcc_generated_files/i2c1_master.c estimated size: 620

C:\Program Files\Microchip\xc8\v2.40\pic\sources\c99\common\Umul16.c
		___wmul        		CODE           	1661	0000	31

C:\Program Files\Microchip\xc8\v2.40\pic\sources\c99\common\Umul16.c estimated size: 31

C:\Program Files\Microchip\xc8\v2.40\pic\sources\c99\common\aldiv.c
		___aldiv       		CODE           	0D07	0000	144

C:\Program Files\Microchip\xc8\v2.40\pic\sources\c99\common\aldiv.c estimated size: 144

mcc_generated_files/pin_manager.c
		_PIN_MANAGER_Initialize		CODE           	0905	0000	58

mcc_generated_files/pin_manager.c estimated size: 58

tlv320aic32.c
		_aic32_test    		CODE           	0005	0000	4
		_TLV320_Mute   		CODE           	0ADB	0000	96
		_TLV320_SetHeadphoneVol		CODE           	093F	0000	58

tlv320aic32.c estimated size: 158

mcc_generated_files/drivers/i2c_simple_master.c
		_wr1RegCompleteHandler		CODE           	14B7	0000	17
		_wr2RegCompleteHandler		CODE           	14EA	0000	17
		_rdBlkRegCompleteHandler		CODE           	15A9	0000	24
		_rd1RegCompleteHandler		CODE           	14C8	0000	17
		_rd2RegCompleteHandler		CODE           	14D9	0000	17

mcc_generated_files/drivers/i2c_simple_master.c estimated size: 92

tlv320aic32_aic32_opencodec.c
		_TLV320AIC32_openCodec		CODE           	082E	0000	50

tlv320aic32_aic32_opencodec.c estimated size: 50

shared
		__initialization		CODE           	07A4	0000	89
		_i2c1_fsmStateTable		STRCODE        	1800	0000	32
		_spiMaster     		STRCODE        	0000	0000	0
		_spi2_configuration		STRCODE        	1834	0000	8

shared estimated size: 129

mcc_generated_files/mcc.c
		_PMD_Initialize		CODE           	141F	0000	8
		_OSCILLATOR_Initialize		CODE           	1430	0000	9
		_SYSTEM_Initialize		CODE           	1551	0000	19

mcc_generated_files/mcc.c estimated size: 36

mcc_generated_files/memory.c
		_DATAEE_WriteByte		CODE           	1643	0000	30
		_DATAEE_ReadByte		CODE           	1459	0000	12

mcc_generated_files/memory.c estimated size: 42

mcc_generated_files/delay.c
		_DELAY_milliseconds		CODE           	153F	0000	18
		_DELAY_microseconds		CODE           	1680	0000	32

mcc_generated_files/delay.c estimated size: 50

tlv320aic32_headphoneout.c
		_aic32_headphoneout		CODE           	152E	0000	17

tlv320aic32_headphoneout.c estimated size: 17

mcc_generated_files/spi2.c
		_SPI2_WriteByte		CODE           	13B5	0000	4
		_SPI2_ReadByte 		CODE           	13A7	0000	3
		_SPI2_Open     		CODE           	0009	0000	84
		_SPI2_Initialize		CODE           	1564	0000	22
		_SPI2_Close    		CODE           	13AA	0000	3

mcc_generated_files/spi2.c estimated size: 116

mcc_generated_files/adcc.c
		_ADCC_GetConversionResult		CODE           	13FC	0000	6
		_ADCC_StartConversion		CODE           	1410	0000	7
		_ADCC_Initialize		CODE           	160C	0000	27
		_ADCC_IsConversionDone		CODE           	1409	0000	7

mcc_generated_files/adcc.c estimated size: 47

main.c
		_button_push_play		CODE           	15D9	0000	25
		_power_on      		CODE           	0B9B	0000	97
		_power_off     		CODE           	15F2	0000	26
		_beep          		CODE           	0C7B	0000	140
		_main          		CODE           	0896	0000	55
		_power_off_buzzer		CODE           	179E	0000	49
		_charge_display		CODE           	0D97	0000	147
		_power_off_sequence		CODE           	09B7	0000	65
		_volume_control		CODE           	0BFC	0000	127
		_mic_detect    		CODE           	0B3B	0000	96
		_power_on_buzzer		CODE           	17CF	0000	49
		_led_control   		CODE           	1741	0000	45

main.c estimated size: 921

