Microchip MPLAB XC8 Compiler V2.40

Linker command line:

-W-3 \
  --edf=C:/Users/ljehu/.mchp_packs/Microchip/PIC16F1xxxx_DFP/1.15.191/xc8\pic\dat\20220719204315_en.msgs \
  -cn -h+dist/default/production\test2.X.production.sym \
  --cmf=dist/default/production\test2.X.production.cmf -z -Q16F18855 \
  -oC:\Users\ljehu\AppData\Local\Temp\xcAs25cs.4 --defsym=__MPLAB_BUILD=1 \
  --fixupoverflow=error -Mdist/default/production/test2.X.production.map \
  --md=C:\Users\ljehu\AppData\Local\Temp\xcAs25cs.dat -E1 -ver=XC8 Compiler \
  --acfsm=1493 -ACODE=00h-07FFhx4 -ASTRCODE=00h-01FFFh -ASTRING=00h-0FFhx32 \
  -ACONST=00h-0FFhx32 -AENTRY=00h-0FFhx32 -ACOMMON=070h-07Fh \
  -ABANK0=020h-06Fh -ABANK1=0A0h-0EFh -ABANK2=0120h-016Fh \
  -ABANK3=01A0h-01EFh -ABANK4=0220h-026Fh -ABANK5=02A0h-02EFh \
  -ABANK6=0320h-036Fh -ABANK7=03A0h-03EFh -ABANK8=0420h-046Fh \
  -ABANK9=04A0h-04EFh -ABANK10=0520h-056Fh -ABANK11=05A0h-05EFh \
  -ABANK12=0620h-064Fh -ABIGRAM=02000h-023EFh \
  -ARAM=020h-06Fh,0A0h-0EFh,0120h-016Fh,01A0h-01EFh,0220h-026Fh,02A0h-02EFh,0320h-036Fh,03A0h-03EFh,0420h-046Fh,04A0h-04EFh,0520h-056Fh,05A0h-05EFh,0620h-064Fh \
  -AABS1=020h-07Fh,0A0h-0EFh,0120h-016Fh,01A0h-01EFh,0220h-026Fh,02A0h-02EFh,0320h-036Fh,03A0h-03EFh,0420h-046Fh,04A0h-04EFh,0520h-056Fh,05A0h-05EFh,0620h-064Fh \
  -ASFR0=00h-01Fh -ASFR1=080h-09Fh -ASFR2=0100h-011Fh -ASFR3=0180h-019Fh \
  -ASFR4=0200h-021Fh -ASFR5=0280h-029Fh -ASFR6=0300h-031Fh \
  -ASFR7=0380h-039Fh -ASFR8=0400h-041Fh -ASFR9=0480h-049Fh \
  -ASFR10=0500h-051Fh -ASFR11=0580h-059Fh -ASFR12=0600h-061Fh \
  -ASFR13=0680h-06EFh -ASFR14=0700h-076Fh -ASFR15=0780h-07EFh \
  -ASFR16=0800h-086Fh -ASFR17=0880h-08EFh -ASFR18=0900h-096Fh \
  -ASFR19=0980h-09EFh -ASFR20=0A00h-0A6Fh -ASFR21=0A80h-0AEFh \
  -ASFR22=0B00h-0B6Fh -ASFR23=0B80h-0BEFh -ASFR24=0C00h-0C6Fh \
  -ASFR25=0C80h-0CEFh -ASFR26=0D00h-0D6Fh -ASFR27=0D80h-0DEFh \
  -ASFR28=0E00h-0E6Fh -ASFR29=0E80h-0EEFh -ASFR30=0F00h-0F6Fh \
  -ASFR31=0F80h-0FEFh -ACONFIG=08007h-0800Bh -DCONFIG=2 \
  -AIDLOC=08000h-08003h -DIDLOC=2 -AEEDATA=00h-0FFh/0F000h \
  -peeprom_data=EEDATA -DEEDATA=2 -DCODE=2 -DSTRCODE=2 -DSTRING=2 -DCONST=2 \
  -DENTRY=2 -preset_vec=00h,intentry,init,end_init -ppowerup=CODE \
  -pcinit=CODE -pfunctab=ENTRY -k \
  C:\Users\ljehu\AppData\Local\Temp\xcAs25cs.o \
  dist/default/production\test2.X.production.o 

Object code version is 3.11

Machine type is 16F18855



                Name                               Link     Load   Length Selector   Space Scale
C:\Users\ljehu\AppData\Local\Temp\xcAs25cs.o
                end_init                              2        2        2        0       0
                reset_vec                             0        0        2        0       0
                config                             8007     8007        5        0       4
                idloc                              8000     8000        4        0       5
dist/default/production\test2.X.production.o
                cinit                               7A4      7A4       5C      F48       0
                config                             8007     8007        5        0       4
                idloc                              8000     8000        4        0       5
                text93                             1397     1397        3     272E       0
                text92                             139A     139A        3     2734       0
                text91                             139D     139D        3     273A       0
                text90                             1594     1594       18     2B28       0
                text89                             13A0     13A0        3     2740       0
                text88                             13A3     13A3        3     2746       0
                text87                             13A6     13A6        3     274C       0
                text86                             148D     148D        E     291A       0
                text85                             16A3     16A3       24     2D46       0
                text84                             1446     1446        B     288C       0
                text83                             14A9     14A9       11     2952       0
                text82                             14BA     14BA       11     2974       0
                text81                             14CB     14CB       11     2996       0
                text80                             14DC     14DC       11     29B8       0
                text79                             14ED     14ED       11     29DA       0
                text78                             15AC     15AC       18     2B58       0
                text77                             14FE     14FE       11     29FC       0
                text76                             150F     150F       11     2A1E       0
                text75                             1520     1520       11     2A40       0
                text74                             15C4     15C4       18     2B88       0
                text73                             1393     1393        2     2726       0
                text72                             1395     1395        2     272A       0
                text71                             13A9     13A9        3     2752       0
                text70                             13B8     13B8        4     2770       0
                text69                             13AC     13AC        3     2758       0
                text68                             13BC     13BC        4     2778       0
                text67                             13C8     13C8        5     2790       0
                text66                             13FA     13FA        6     27F4       0
                text65                             13AF     13AF        3     275E       0
                text64                             1717     1717       2D     2E2E       0
                text63                             13CD     13CD        5     279A       0
                text62                             142A     142A        9     2854       0
                text61                             141A     141A        8     2834       0
                text60                              A9C      A9C       53     1538       0
                text59                              9C1      9C1       43     1382       0
                text58                             140C     140C        7     2818       0
                text57                             13D2     13D2        5     27A4       0
                text56                             13D7     13D7        5     27AE       0
                text55                             13DC     13DC        5     27B8       0
                text54                             13E1     13E1        5     27C2       0
                text53                             13E6     13E6        5     27CC       0
                text52                             13EB     13EB        5     27D6       0
                text51                             13F0     13F0        5     27E0       0
                text50                             13F5     13F5        5     27EA       0
                text49                             16C7     16C7       28     2D8E       0
                text48                             16EF     16EF       28     2DDE       0
                text47                             1400     1400        6     2800       0
                text46                             1480     1480        D     2900       0
                text45                             162A     162A       1C     2C54       0
                text44                                4        4        5        0       0
                text43                             149B     149B        E     2936       0
                text42                              86A      86A       36     10D4       0
                text41                             1451     1451        B     28A2       0
                text40                             179F     179F       30     2F3E       0
                text39                                9        9       54       12       0
                text38                             13B2     13B2        3     2764       0
                text37                             13C0     13C0        4     2780       0
                text36                             1646     1646       1E     2C8C       0
                text35                             1744     1744       2D     2E88       0
                text34                             1683     1683       20     2D06       0
                text33                             1542     1542       12     2A84       0
                text32                              D07      D07       90     1A0E       0
                text31                             1664     1664       1F     2CC8       0
                text30                              C7B      C7B       8C     18F6       0
                text29                             17CF     17CF       31     2F9E       0
                text28                              A04      A04       4B     1408       0
                text27                               5D       5D      2B4       BA       0
                text26                             145C     145C        C     28B8       0
                text25                             160F     160F       1B     2C1E       0
                text24                             143C     143C        A     2878       0
                text23                             1433     1433        9     2866       0
                text22                              90F      90F       3A     121E       0
                text21                             1422     1422        8     2844       0
                text20                             1567     1567       16     2ACE       0
                text19                             1554     1554       13     2AA8       0
                text18                             1406     1406        6     280C       0
                text17                             1413     1413        7     2826       0
                text16                              800      800        7      F48       0
                text15                              D97      D97       93     1B2E       0
                text14                             15DC     15DC       19     2BB8       0
                text13                              AEF      AEF       60     15DE       0
                text12                              B4F      B4F       60     169E       0
                text11                             15F5     15F5       1A     2BEA       0
                text10                             13B5     13B5        3     276A       0
                text9                               311      311      493      622       0
                text8                               A4F      A4F       4D     149E       0
                text7                               838      838       32     1070       0
                text6                              1531     1531       11     2A62       0
                text5                              13C4     13C4        4     2788       0
                text4                               807      807       31     100E       0
                text3                               BAF      BAF       61     175E       0
                text2                               949      949       3A     1292       0
                text1                               C10      C10       6B     1820       0
                maintext                            8A0      8A0       37     1140       0
                cstackBANK0                          20       20       2A       20       1
                cstackCOMMON                         70       70        E       70       1
                clrtext                            1468     1468        C     28D0       0
                inittext                           1474     1474        C     28E8       0
                dataBANK3                           1A0      1A0       3E      1A0       1
                dataBANK2                           120      120       38      120       1
                dataBANK1                            A0       A0       2E       A0       1
                bssBANK1                             CE       CE       1D       A0       1
                dataBANK0                            4A       4A       17       20       1
                bssBANK0                             61       61        8       20       1
                nvBANK0                              69       69        2       20       1
                stringtext3                        1834     1834        8     3000       0
                stringtext2                        1820     1820       14     3000       0
                stringtext1                        1800     1800       20     3000       0
                idataBANK3                          983      983       3E     1306       0
                idataBANK2                          8D7      8D7       38     11AE       0
                idataBANK1                         1771     1771       2E     2EE2       0
                idataBANK0                         157D     157D       17     2AFA       0
                idataBIGRAM                         E2A      E2A      1D6     1C54       0

TOTAL           Name                               Link     Load   Length     Space
        CLASS   CODE           
                end_init                              2        2        2         0
                cinit                               7A4      7A4       5C         0
                reset_vec                             0        0        2         0
                text93                             1397     1397        3         0
                text92                             139A     139A        3         0
                text91                             139D     139D        3         0
                text90                             1594     1594       18         0
                text89                             13A0     13A0        3         0
                text88                             13A3     13A3        3         0
                text87                             13A6     13A6        3         0
                text86                             148D     148D        E         0
                text85                             16A3     16A3       24         0
                text84                             1446     1446        B         0
                text83                             14A9     14A9       11         0
                text82                             14BA     14BA       11         0
                text81                             14CB     14CB       11         0
                text80                             14DC     14DC       11         0
                text79                             14ED     14ED       11         0
                text78                             15AC     15AC       18         0
                text77                             14FE     14FE       11         0
                text76                             150F     150F       11         0
                text75                             1520     1520       11         0
                text74                             15C4     15C4       18         0
                text73                             1393     1393        2         0
                text72                             1395     1395        2         0
                text71                             13A9     13A9        3         0
                text70                             13B8     13B8        4         0
                text69                             13AC     13AC        3         0
                text68                             13BC     13BC        4         0
                text67                             13C8     13C8        5         0
                text66                             13FA     13FA        6         0
                text65                             13AF     13AF        3         0
                text64                             1717     1717       2D         0
                text63                             13CD     13CD        5         0
                text62                             142A     142A        9         0
                text61                             141A     141A        8         0
                text60                              A9C      A9C       53         0
                text59                              9C1      9C1       43         0
                text58                             140C     140C        7         0
                text57                             13D2     13D2        5         0
                text56                             13D7     13D7        5         0
                text55                             13DC     13DC        5         0
                text54                             13E1     13E1        5         0
                text53                             13E6     13E6        5         0
                text52                             13EB     13EB        5         0
                text51                             13F0     13F0        5         0
                text50                             13F5     13F5        5         0
                text49                             16C7     16C7       28         0
                text48                             16EF     16EF       28         0
                text47                             1400     1400        6         0
                text46                             1480     1480        D         0
                text45                             162A     162A       1C         0
                text44                                4        4        5         0
                text43                             149B     149B        E         0
                text42                              86A      86A       36         0
                text41                             1451     1451        B         0
                text40                             179F     179F       30         0
                text39                                9        9       54         0
                text38                             13B2     13B2        3         0
                text37                             13C0     13C0        4         0
                text36                             1646     1646       1E         0
                text35                             1744     1744       2D         0
                text34                             1683     1683       20         0
                text33                             1542     1542       12         0
                text32                              D07      D07       90         0
                text31                             1664     1664       1F         0
                text30                              C7B      C7B       8C         0
                text29                             17CF     17CF       31         0
                text28                              A04      A04       4B         0
                text27                               5D       5D      2B4         0
                text26                             145C     145C        C         0
                text25                             160F     160F       1B         0
                text24                             143C     143C        A         0
                text23                             1433     1433        9         0
                text22                              90F      90F       3A         0
                text21                             1422     1422        8         0
                text20                             1567     1567       16         0
                text19                             1554     1554       13         0
                text18                             1406     1406        6         0
                text17                             1413     1413        7         0
                text16                              800      800        7         0
                text15                              D97      D97       93         0
                text14                             15DC     15DC       19         0
                text13                              AEF      AEF       60         0
                text12                              B4F      B4F       60         0
                text11                             15F5     15F5       1A         0
                text10                             13B5     13B5        3         0
                text9                               311      311      493         0
                text8                               A4F      A4F       4D         0
                text7                               838      838       32         0
                text6                              1531     1531       11         0
                text5                              13C4     13C4        4         0
                text4                               807      807       31         0
                text3                               BAF      BAF       61         0
                text2                               949      949       3A         0
                text1                               C10      C10       6B         0
                maintext                            8A0      8A0       37         0
                clrtext                            1468     1468        C         0
                inittext                           1474     1474        C         0
                idataBANK3                          983      983       3E         0
                idataBANK2                          8D7      8D7       38         0
                idataBANK1                         1771     1771       2E         0
                idataBANK0                         157D     157D       17         0
                idataBIGRAM                         E2A      E2A      1D6         0

        CLASS   STRCODE        
                stringtext3                        1834     1834        8         0
                stringtext2                        1820     1820       14         0
                stringtext1                        1800     1800       20         0

        CLASS   STRING         

        CLASS   CONST          

        CLASS   ENTRY          

        CLASS   COMMON         
                cstackCOMMON                         70       70        E         1

        CLASS   BANK0          
                cstackBANK0                          20       20       2A         1
                dataBANK0                            4A       4A       17         1
                bssBANK0                             61       61        8         1
                nvBANK0                              69       69        2         1

        CLASS   BANK1          
                dataBANK1                            A0       A0       2E         1
                bssBANK1                             CE       CE       1D         1

        CLASS   BANK2          
                dataBANK2                           120      120       38         1

        CLASS   BANK3          
                dataBANK3                           1A0      1A0       3E         1

        CLASS   BANK4          

        CLASS   BANK5          

        CLASS   BANK6          

        CLASS   BANK7          

        CLASS   BANK8          

        CLASS   BANK9          

        CLASS   BANK10         

        CLASS   BANK11         

        CLASS   BANK12         

        CLASS   BIGRAM         

        CLASS   RAM            

        CLASS   ABS1           
                abs_s1                               7E       7E        2         1
                abs_s1                              35A      35A       16         1
                abs_s1                              3A0      3A0       50         1
                abs_s1                              420      420       50         1
                abs_s1                              4A0      4A0       50         1
                abs_s1                              520      520       50         1
                abs_s1                              5A0      5A0       50         1
                abs_s1                              620      620       30         1
                abs_s1                             221A     221A        0         1
                abs_s1                             2312     2312        0         1

        CLASS   SFR0           

        CLASS   SFR1           

        CLASS   SFR2           

        CLASS   SFR3           

        CLASS   SFR4           

        CLASS   SFR5           

        CLASS   SFR6           

        CLASS   SFR7           

        CLASS   SFR8           

        CLASS   SFR9           

        CLASS   SFR10          

        CLASS   SFR11          

        CLASS   SFR12          

        CLASS   SFR13          

        CLASS   SFR14          

        CLASS   SFR15          

        CLASS   SFR16          

        CLASS   SFR17          

        CLASS   SFR18          

        CLASS   SFR19          

        CLASS   SFR20          

        CLASS   SFR21          

        CLASS   SFR22          

        CLASS   SFR23          

        CLASS   SFR24          

        CLASS   SFR25          

        CLASS   SFR26          

        CLASS   SFR27          

        CLASS   SFR28          

        CLASS   SFR29          

        CLASS   SFR30          

        CLASS   SFR31          

        CLASS   CONFIG         
                config                             8007     8007        5         4

        CLASS   IDLOC          
                idloc                              8000     8000        4         5

        CLASS   EEDATA         

        CLASS   BANK31         

        CLASS   BANK30         

        CLASS   BANK29         

        CLASS   BANK28         

        CLASS   BANK27         

        CLASS   BANK26         

        CLASS   BANK25         

        CLASS   BANK24         

        CLASS   BANK23         

        CLASS   BANK22         

        CLASS   BANK21         

        CLASS   BANK20         

        CLASS   BANK19         

        CLASS   BANK18         

        CLASS   BANK17         

        CLASS   BANK16         

        CLASS   BANK15         

        CLASS   BANK14         

        CLASS   BANK13         

        CLASS   HEAP           

        CLASS   STACK          



SEGMENTS        Name                           Load    Length   Top    Selector   Space  Class     Delta

                reset_vec                      000000  000009  000009         0       0  CODE        2
                text39                         000009  000054  00005D        12       0  CODE        2
                cstackBANK0                    000020  00004B  00006B        20       1  BANK0       1
                cstackCOMMON                   000070  00000E  00007E        70       1  COMMON      1
                dataBANK1                      0000A0  00004B  0000EB        A0       1  BANK1       1
                text27                         00005D  0002B4  000311        BA       0  CODE        2
                dataBANK2                      000120  000038  000158       120       1  BANK2       1
                dataBANK3                      0001A0  00003E  0001DE       1A0       1  BANK3       1
                text9                          000311  000493  0007A4       622       0  CODE        2
                cinit                          0007A4  000063  000807       F48       0  CODE        2
                text4                          000807  000031  000838      100E       0  CODE        2
                text7                          000838  000032  00086A      1070       0  CODE        2
                text42                         00086A  000036  0008A0      10D4       0  CODE        2
                maintext                       0008A0  000037  0008D7      1140       0  CODE        2
                idataBANK2                     0008D7  000038  00090F      11AE       0  CODE        2
                text22                         00090F  00003A  000949      121E       0  CODE        2
                text2                          000949  00003A  000983      1292       0  CODE        2
                idataBANK3                     000983  00003E  0009C1      1306       0  CODE        2
                text59                         0009C1  000043  000A04      1382       0  CODE        2
                text28                         000A04  00004B  000A4F      1408       0  CODE        2
                text8                          000A4F  00004D  000A9C      149E       0  CODE        2
                text60                         000A9C  000053  000AEF      1538       0  CODE        2
                text13                         000AEF  000060  000B4F      15DE       0  CODE        2
                text12                         000B4F  000060  000BAF      169E       0  CODE        2
                text3                          000BAF  000061  000C10      175E       0  CODE        2
                text1                          000C10  00006B  000C7B      1820       0  CODE        2
                text30                         000C7B  00008C  000D07      18F6       0  CODE        2
                text32                         000D07  000090  000D97      1A0E       0  CODE        2
                text15                         000D97  000093  000E2A      1B2E       0  CODE        2
                idataBIGRAM                    000E2A  0001D6  001000      1C54       0  CODE        2
                text73                         001393  000002  001395      2726       0  CODE        2
                text72                         001395  000002  001397      272A       0  CODE        2
                text93                         001397  000003  00139A      272E       0  CODE        2
                text92                         00139A  000003  00139D      2734       0  CODE        2
                text91                         00139D  000003  0013A0      273A       0  CODE        2
                text89                         0013A0  000003  0013A3      2740       0  CODE        2
                text88                         0013A3  000003  0013A6      2746       0  CODE        2
                text87                         0013A6  000003  0013A9      274C       0  CODE        2
                text71                         0013A9  000003  0013AC      2752       0  CODE        2
                text69                         0013AC  000003  0013AF      2758       0  CODE        2
                text65                         0013AF  000003  0013B2      275E       0  CODE        2
                text38                         0013B2  000003  0013B5      2764       0  CODE        2
                text10                         0013B5  000003  0013B8      276A       0  CODE        2
                text70                         0013B8  000004  0013BC      2770       0  CODE        2
                text68                         0013BC  000004  0013C0      2778       0  CODE        2
                text37                         0013C0  000004  0013C4      2780       0  CODE        2
                text5                          0013C4  000004  0013C8      2788       0  CODE        2
                text67                         0013C8  000005  0013CD      2790       0  CODE        2
                text63                         0013CD  000005  0013D2      279A       0  CODE        2
                text57                         0013D2  000005  0013D7      27A4       0  CODE        2
                text56                         0013D7  000005  0013DC      27AE       0  CODE        2
                text55                         0013DC  000005  0013E1      27B8       0  CODE        2
                text54                         0013E1  000005  0013E6      27C2       0  CODE        2
                text53                         0013E6  000005  0013EB      27CC       0  CODE        2
                text52                         0013EB  000005  0013F0      27D6       0  CODE        2
                text51                         0013F0  000005  0013F5      27E0       0  CODE        2
                text50                         0013F5  000005  0013FA      27EA       0  CODE        2
                text66                         0013FA  000006  001400      27F4       0  CODE        2
                text47                         001400  000006  001406      2800       0  CODE        2
                text18                         001406  000006  00140C      280C       0  CODE        2
                text58                         00140C  000007  001413      2818       0  CODE        2
                text17                         001413  000007  00141A      2826       0  CODE        2
                text61                         00141A  000008  001422      2834       0  CODE        2
                text21                         001422  000008  00142A      2844       0  CODE        2
                text62                         00142A  000009  001433      2854       0  CODE        2
                text23                         001433  000009  00143C      2866       0  CODE        2
                text24                         00143C  00000A  001446      2878       0  CODE        2
                text84                         001446  00000B  001451      288C       0  CODE        2
                text41                         001451  00000B  00145C      28A2       0  CODE        2
                text26                         00145C  00000C  001468      28B8       0  CODE        2
                clrtext                        001468  00000C  001474      28D0       0  CODE        2
                inittext                       001474  00000C  001480      28E8       0  CODE        2
                text46                         001480  00000D  00148D      2900       0  CODE        2
                text86                         00148D  00000E  00149B      291A       0  CODE        2
                text43                         00149B  00000E  0014A9      2936       0  CODE        2
                text83                         0014A9  000011  0014BA      2952       0  CODE        2
                text82                         0014BA  000011  0014CB      2974       0  CODE        2
                text81                         0014CB  000011  0014DC      2996       0  CODE        2
                text80                         0014DC  000011  0014ED      29B8       0  CODE        2
                text79                         0014ED  000011  0014FE      29DA       0  CODE        2
                text77                         0014FE  000011  00150F      29FC       0  CODE        2
                text76                         00150F  000011  001520      2A1E       0  CODE        2
                text75                         001520  000011  001531      2A40       0  CODE        2
                text6                          001531  000011  001542      2A62       0  CODE        2
                text33                         001542  000012  001554      2A84       0  CODE        2
                text19                         001554  000013  001567      2AA8       0  CODE        2
                text20                         001567  000016  00157D      2ACE       0  CODE        2
                idataBANK0                     00157D  000017  001594      2AFA       0  CODE        2
                text90                         001594  000018  0015AC      2B28       0  CODE        2
                text78                         0015AC  000018  0015C4      2B58       0  CODE        2
                text74                         0015C4  000018  0015DC      2B88       0  CODE        2
                text14                         0015DC  000019  0015F5      2BB8       0  CODE        2
                text11                         0015F5  00001A  00160F      2BEA       0  CODE        2
                text25                         00160F  00001B  00162A      2C1E       0  CODE        2
                text45                         00162A  00001C  001646      2C54       0  CODE        2
                text36                         001646  00001E  001664      2C8C       0  CODE        2
                text31                         001664  00001F  001683      2CC8       0  CODE        2
                text34                         001683  000020  0016A3      2D06       0  CODE        2
                text85                         0016A3  000024  0016C7      2D46       0  CODE        2
                text49                         0016C7  000028  0016EF      2D8E       0  CODE        2
                text48                         0016EF  000028  001717      2DDE       0  CODE        2
                text64                         001717  00002D  001744      2E2E       0  CODE        2
                text35                         001744  00002D  001771      2E88       0  CODE        2
                idataBANK1                     001771  00002E  00179F      2EE2       0  CODE        2
                text40                         00179F  000030  0017CF      2F3E       0  CODE        2
                text29                         0017CF  000031  001800      2F9E       0  CODE        2
                stringtext1                    001800  00003C  00183C      3000       0  STRCODE     2


UNUSED ADDRESS RANGES

        Name                Unused          Largest block    Delta
        BANK0            0006B-0006F               5           1
        BANK1            000EB-000EF               5           1
        BANK2            00158-0016F              18           1
        BANK3            001DE-001EF              12           1
        BANK4            00220-0026F              50           1
        BANK5            002A0-002EF              50           1
        BANK6            00320-00359              3A           1
        BIGRAM           02000-023EF             3F0           1
        CODE             01000-01392             393           2
                         0183C-01FFF             7C4
        CONST            01000-01392             100           2
                         0183C-01FFF             100
        EEDATA           0F000-0F0FF             100           2
        ENTRY            01000-01392             100           2
                         0183C-01FFF             100
        RAM              0006B-0006F               5           1
                         000EB-000EF               5
                         00158-0016F              18
                         001DE-001EF              12
                         00220-0026F              50
                         002A0-002EF              50
                         00320-00359              3A
        SFR0             00000-0001F              20           1
        SFR1             00080-0009F              20           1
        SFR10            00500-0051F              20           1
        SFR11            00580-0059F              20           1
        SFR12            00600-0061F              20           1
        SFR13            00680-006EF              70           1
        SFR14            00700-0076F              70           1
        SFR15            00780-007EF              70           1
        SFR16            00800-0086F              70           1
        SFR17            00880-008EF              70           1
        SFR18            00900-0096F              70           1
        SFR19            00980-009EF              70           1
        SFR2             00100-0011F              20           1
        SFR20            00A00-00A6F              70           1
        SFR21            00A80-00AEF              70           1
        SFR22            00B00-00B6F              70           1
        SFR23            00B80-00BEF              70           1
        SFR24            00C00-00C6F              70           1
        SFR25            00C80-00CEF              70           1
        SFR26            00D00-00D6F              70           1
        SFR27            00D80-00DEF              70           1
        SFR28            00E00-00E6F              70           1
        SFR29            00E80-00EEF              70           1
        SFR3             00180-0019F              20           1
        SFR30            00F00-00F6F              70           1
        SFR31            00F80-00FEF              70           1
        SFR4             00200-0021F              20           1
        SFR5             00280-0029F              20           1
        SFR6             00300-0031F              20           1
        SFR7             00380-0039F              20           1
        SFR8             00400-0041F              20           1
        SFR9             00480-0049F              20           1
        STRCODE          01000-01392             393           2
                         0183C-01FFF             7C4
        STRING           01000-01392             100           2
                         0183C-01FFF             100

                                  Symbol Table

?_ADCC_GetConversionResult                                cstackCOMMON 00070
?_TLV320AIC32_config                                      cstackBANK0  00023
?_TLV320AIC32_openCodec                                   cstackBANK0  0002F
?___aldiv                                                 cstackCOMMON 00076
?___wmul                                                  cstackCOMMON 00070
ADCC_StartConversion@channel                              cstackCOMMON 00070
CC8531_Init_Data_Send@check_connected                     cstackBANK0  00042
CC8531_Init_Data_Send@check_connected_retry_count         cstackBANK0  00041
CC8531_Init_Data_Send@cmd_count                           cstackBANK0  00047
CC8531_Init_Data_Send@i                                   cstackBANK0  00043
CC8531_Init_Data_Send@i_2032                              cstackBANK0  00045
CC8531_Polling_Data_Send@cmd_count                        cstackBANK0  0003B
DATAEE_ReadByte@bAdd                                      cstackCOMMON 00070
DATAEE_WriteByte@GIEBitValue                              cstackCOMMON 00073
DATAEE_WriteByte@bAdd                                     cstackCOMMON 00070
DATAEE_WriteByte@bData                                    cstackCOMMON 00072
DELAY_microseconds@microseconds                           cstackCOMMON 00070
DELAY_milliseconds@milliseconds                           cstackCOMMON 00070
I2C1_CallbackReturnReset@funPtr                           cstackCOMMON 00077
I2C1_Close@returnValue                                    cstackCOMMON 00070
I2C1_MasterOperation@read                                 cstackCOMMON 0007C
I2C1_MasterOperation@returnValue                          cstackCOMMON 0007D
I2C1_MasterSendTxData@data                                cstackCOMMON 00070
I2C1_Open@address                                         cstackCOMMON 00070
I2C1_Open@returnValue                                     cstackCOMMON 00071
I2C1_SetAddressNackCallback@cb                            cstackCOMMON 00074
I2C1_SetAddressNackCallback@ptr                           cstackCOMMON 00076
I2C1_SetBuffer@buffer                                     cstackCOMMON 00072
I2C1_SetBuffer@bufferSize                                 cstackCOMMON 00070
I2C1_SetCallback@cb                                       cstackCOMMON 00070
I2C1_SetCallback@idx                                      cstackCOMMON 00073
I2C1_SetCallback@ptr                                      cstackCOMMON 00072
I2C1_SetDataCompleteCallback@cb                           cstackCOMMON 00074
I2C1_SetDataCompleteCallback@ptr                          cstackCOMMON 00076
I2C1_Write1ByteRegister@address                           cstackBANK0  00022
I2C1_Write1ByteRegister@data                              cstackBANK0  00021
I2C1_Write1ByteRegister@reg                               cstackBANK0  00020
SPI2_Open@spi2UniqueConfiguration                         cstackCOMMON 00073
SPI2_WriteByte@byte                                       cstackCOMMON 00070
TLV320AIC32_config@aic32                                  cstackBANK0  00023
TLV320AIC32_config@cmd                                    cstackBANK0  0002B
TLV320AIC32_config@config                                 cstackBANK0  00025
TLV320AIC32_config@i                                      cstackBANK0  0002D
TLV320AIC32_config@regval                                 cstackBANK0  0002C
TLV320AIC32_config@retcode                                cstackBANK0  00029
TLV320AIC32_openCodec@config                              cstackBANK0  00033
TLV320AIC32_openCodec@id                                  cstackBANK0  0002F
TLV320AIC32_openCodec@retcode                             cstackBANK0  00035
TLV320_Mute@cmd                                           cstackBANK0  0003C
TLV320_Mute@i                                             cstackBANK0  0003E
TLV320_Mute@on_off                                        cstackBANK0  0003B
TLV320_Mute@regval                                        cstackBANK0  0003D
TLV320_SetHeadphoneVol@cmd                                cstackBANK0  00024
TLV320_SetHeadphoneVol@i                                  cstackBANK0  00027
TLV320_SetHeadphoneVol@regval                             cstackBANK0  00025
TLV320_SetHeadphoneVol@volume                             cstackBANK0  00026
_ADACCH                                                   (abs)        00091
_ADACCL                                                   (abs)        00090
_ADACQ                                                    (abs)        0009D
_ADACT                                                    (abs)        00099
_ADCAP                                                    (abs)        0009B
_ADCC_GetConversionResult                                 text18       01406
_ADCC_Initialize                                          text25       0160F
_ADCC_IsConversionDone                                    text17       01413
_ADCC_StartConversion                                     text16       00800
_ADCLK                                                    (abs)        00098
_ADCNT                                                    (abs)        0010C
_ADCON0                                                   (abs)        00093
_ADCON0bits                                               (abs)        00093
_ADCON1                                                   (abs)        00094
_ADCON1bits                                               (abs)        00094
_ADCON2                                                   (abs)        00095
_ADCON2bits                                               (abs)        00095
_ADCON3                                                   (abs)        00096
_ADCON3bits                                               (abs)        00096
_ADERRH                                                   (abs)        00117
_ADERRL                                                   (abs)        00116
_ADFLTRH                                                  (abs)        00115
_ADFLTRL                                                  (abs)        00114
_ADLTHH                                                   (abs)        0010F
_ADLTHL                                                   (abs)        0010E
_ADPCH                                                    (abs)        0009E
_ADPRE                                                    (abs)        0009C
_ADPREVH                                                  (abs)        0008F
_ADPREVL                                                  (abs)        0008E
_ADREF                                                    (abs)        0009A
_ADRESH                                                   (abs)        0008D
_ADRESL                                                   (abs)        0008C
_ADRPT                                                    (abs)        0010D
_ADSTAT                                                   (abs)        00097
_ADSTATbits                                               (abs)        00097
_ADSTPTH                                                  (abs)        00113
_ADSTPTL                                                  (abs)        00112
_ADUTHH                                                   (abs)        00111
_ADUTHL                                                   (abs)        00110
_ANSELA                                                   (abs)        00F38
_ANSELB                                                   (abs)        00F43
_ANSELC                                                   (abs)        00F4E
_CC8531_Init_Data_Send                                    text9        00311
_CC8531_Polling_Data_Send                                 text27       0005D
_DATAEE_ReadByte                                          text26       0145C
_DATAEE_WriteByte                                         text36       01646
_DELAY_microseconds                                       text34       01683
_DELAY_milliseconds                                       text33       01542
_I2C1_CallbackReturnReset                                 text72       01395
_I2C1_CallbackReturnStop                                  text73       01393
_I2C1_Close                                               text90       01594
_I2C1_DO_ADDRESS_NACK                                     text49       016C7
_I2C1_DO_IDLE                                             text63       013CD
_I2C1_DO_RCEN                                             text58       0140C
_I2C1_DO_RESET                                            text50       013F5
_I2C1_DO_RX                                               text59       009C1
_I2C1_DO_RX_ACK                                           text53       013E6
_I2C1_DO_RX_NACK_RESTART                                  text51       013F0
_I2C1_DO_RX_NACK_STOP                                     text52       013EB
_I2C1_DO_SEND_ADR_READ                                    text62       0142A
_I2C1_DO_SEND_ADR_WRITE                                   text61       0141A
_I2C1_DO_SEND_RESTART                                     text55       013DC
_I2C1_DO_SEND_RESTART_READ                                text57       013D2
_I2C1_DO_SEND_RESTART_WRITE                               text56       013D7
_I2C1_DO_SEND_STOP                                        text54       013E1
_I2C1_DO_TX                                               text60       00A9C
_I2C1_DO_TX_EMPTY                                         text64       01717
_I2C1_Initialize                                          text24       0143C
_I2C1_MasterClearIrq                                      text93       01397
_I2C1_MasterClose                                         text92       0139A
_I2C1_MasterDisableIrq                                    text91       0139D
_I2C1_MasterEnableRestart                                 text88       013A3
_I2C1_MasterFsm                                           text48       016EF
_I2C1_MasterGetRxData                                     text69       013AC
_I2C1_MasterIsNack                                        text66       013FA
_I2C1_MasterOpen                                          text43       0149B
_I2C1_MasterOperation                                     text45       0162A
_I2C1_MasterSendAck                                       text68       013BC
_I2C1_MasterSendNack                                      text70       013B8
_I2C1_MasterSendTxData                                    text67       013C8
_I2C1_MasterSetIrq                                        text65       013AF
_I2C1_MasterStart                                         text89       013A0
_I2C1_MasterStartRx                                       text71       013A9
_I2C1_MasterStop                                          text87       013A6
_I2C1_MasterWaitForEvent                                  text47       01400
_I2C1_MasterWrite                                         text44       00004
_I2C1_Open                                                text42       0086A
_I2C1_Poller                                              text46       01480
_I2C1_SetAddressNackCallback                              text41       01451
_I2C1_SetBuffer                                           text86       0148D
_I2C1_SetCallback                                         text85       016A3
_I2C1_SetDataCompleteCallback                             text84       01446
_I2C1_Status                                              bssBANK1     000CE
_I2C1_Write1ByteRegister                                  text40       0179F
_INLVLA                                                   (abs)        00F3C
_INLVLB                                                   (abs)        00F47
_INLVLC                                                   (abs)        00F52
_INLVLE                                                   (abs)        00F68
_INTCONbits                                               (abs)        0000B
_LATA                                                     (abs)        00016
_LATAbits                                                 (abs)        00016
_LATB                                                     (abs)        00017
_LATBbits                                                 (abs)        00017
_LATC                                                     (abs)        00018
_LATCbits                                                 (abs)        00018
_MASTER0_open                                             (abs)        00000
_NVMADRH                                                  (abs)        0081B
_NVMADRL                                                  (abs)        0081A
_NVMCON1bits                                              (abs)        0081E
_NVMCON2                                                  (abs)        0081F
_NVMDATH                                                  (abs)        0081D
_NVMDATL                                                  (abs)        0081C
_ODCONA                                                   (abs)        00F3A
_ODCONB                                                   (abs)        00F45
_ODCONC                                                   (abs)        00F50
_OSCCON1                                                  (abs)        0088D
_OSCCON3                                                  (abs)        0088F
_OSCEN                                                    (abs)        00891
_OSCFRQ                                                   (abs)        00893
_OSCILLATOR_Initialize                                    text23       01433
_OSCTUNE                                                  (abs)        00892
_PIE3bits                                                 (abs)        00719
_PIN_MANAGER_Initialize                                   text22       0090F
_PIR3bits                                                 (abs)        0070F
_PMD0                                                     (abs)        00796
_PMD1                                                     (abs)        00797
_PMD2                                                     (abs)        00798
_PMD3                                                     (abs)        00799
_PMD4                                                     (abs)        0079A
_PMD5                                                     (abs)        0079B
_PMD_Initialize                                           text21       01422
_PORTAbits                                                (abs)        0000C
_PORTBbits                                                (abs)        0000D
_PORTCbits                                                (abs)        0000E
_RB1PPS                                                   (abs)        00F19
_RB3PPS                                                   (abs)        00F1B
_RC3PPS                                                   (abs)        00F23
_RC4PPS                                                   (abs)        00F24
_SLRCONA                                                  (abs)        00F3B
_SLRCONB                                                  (abs)        00F46
_SLRCONC                                                  (abs)        00F51
_SPI2_Close                                               text10       013B5
_SPI2_ExchangeBlock                                       (abs)        00000
_SPI2_ExchangeByte                                        (abs)        00000
_SPI2_Initialize                                          text20       01567
_SPI2_Open                                                text39       00009
_SPI2_ReadBlock                                           (abs)        00000
_SPI2_ReadByte                                            text38       013B2
_SPI2_WriteBlock                                          (abs)        00000
_SPI2_WriteByte                                           text37       013C0
_SSP1ADD                                                  (abs)        0018D
_SSP1BUF                                                  (abs)        0018C
_SSP1CLKPPS                                               (abs)        00EC5
_SSP1CON1                                                 (abs)        00190
_SSP1CON1bits                                             (abs)        00190
_SSP1CON2                                                 (abs)        00191
_SSP1CON2bits                                             (abs)        00191
_SSP1DATPPS                                               (abs)        00EC6
_SSP1STAT                                                 (abs)        0018F
_SSP1STATbits                                             (abs)        0018F
_SSP2ADD                                                  (abs)        00197
_SSP2BUF                                                  (abs)        00196
_SSP2CLKPPS                                               (abs)        00EC8
_SSP2CON1                                                 (abs)        0019A
_SSP2CON1bits                                             (abs)        0019A
_SSP2CON2                                                 (abs)        0019B
_SSP2DATPPS                                               (abs)        00EC9
_SSP2STAT                                                 (abs)        00199
_SYSTEM_Initialize                                        text19       01554
_TLV320AIC32_config                                       text8        00A4F
_TLV320AIC32_openCodec                                    text7        00838
_TLV320_Mute                                              text13       00AEF
_TLV320_SetHeadphoneVol                                   text2        00949
_TRISA                                                    (abs)        00011
_TRISB                                                    (abs)        00012
_TRISBbits                                                (abs)        00012
_TRISC                                                    (abs)        00013
_WPUA                                                     (abs)        00F39
_WPUB                                                     (abs)        00F44
_WPUC                                                     (abs)        00F4F
_WPUE                                                     (abs)        00F65
__Habs1                                                   abs1         00000
__Hbank0                                                  bank0        00000
__Hbank1                                                  bank1        00000
__Hbank10                                                 bank10       00000
__Hbank11                                                 bank11       00000
__Hbank12                                                 bank12       00000
__Hbank13                                                 bank13       00000
__Hbank14                                                 bank14       00000
__Hbank15                                                 bank15       00000
__Hbank16                                                 bank16       00000
__Hbank17                                                 bank17       00000
__Hbank18                                                 bank18       00000
__Hbank19                                                 bank19       00000
__Hbank2                                                  bank2        00000
__Hbank20                                                 bank20       00000
__Hbank21                                                 bank21       00000
__Hbank22                                                 bank22       00000
__Hbank23                                                 bank23       00000
__Hbank24                                                 bank24       00000
__Hbank25                                                 bank25       00000
__Hbank26                                                 bank26       00000
__Hbank27                                                 bank27       00000
__Hbank28                                                 bank28       00000
__Hbank29                                                 bank29       00000
__Hbank3                                                  bank3        00000
__Hbank30                                                 bank30       00000
__Hbank31                                                 bank31       00000
__Hbank4                                                  bank4        00000
__Hbank5                                                  bank5        00000
__Hbank6                                                  bank6        00000
__Hbank7                                                  bank7        00000
__Hbank8                                                  bank8        00000
__Hbank9                                                  bank9        00000
__Hbigram                                                 bigram       00000
__HbssBANK0                                               bssBANK0     00000
__HbssBANK1                                               bssBANK1     00000
__Hcinit                                                  cinit        00800
__Hclrtext                                                clrtext      00000
__Hcode                                                   code         00000
__Hcommon                                                 common       00000
__Hconfig                                                 config       0800C
__HcstackBANK0                                            cstackBANK0  00000
__HcstackCOMMON                                           cstackCOMMON 00000
__HdataBANK0                                              dataBANK0    00000
__HdataBANK1                                              dataBANK1    00000
__HdataBANK2                                              dataBANK2    00000
__HdataBANK3                                              dataBANK3    00000
__HdataBIGRAM                                             dataBIGRAM   00000
__Heeprom_data                                            eeprom_data  00000
__Hend_init                                               end_init     00004
__Hfunctab                                                functab      00000
__Hheap                                                   heap         00000
__HidataBANK0                                             idataBANK0   00000
__HidataBANK1                                             idataBANK1   00000
__HidataBANK2                                             idataBANK2   00000
__HidataBANK3                                             idataBANK3   00000
__HidataBIGRAM                                            idataBIGRAM  00000
__Hidloc                                                  idloc        08004
__Hinit                                                   init         00002
__Hinittext                                               inittext     00000
__Hintentry                                               intentry     00002
__Hmaintext                                               maintext     00000
__HnvBANK0                                                nvBANK0      00000
__Hpowerup                                                powerup      00000
__Hram                                                    ram          00000
__Hreset_vec                                              reset_vec    00002
__Hsfr0                                                   sfr0         00000
__Hsfr1                                                   sfr1         00000
__Hsfr10                                                  sfr10        00000
__Hsfr11                                                  sfr11        00000
__Hsfr12                                                  sfr12        00000
__Hsfr13                                                  sfr13        00000
__Hsfr14                                                  sfr14        00000
__Hsfr15                                                  sfr15        00000
__Hsfr16                                                  sfr16        00000
__Hsfr17                                                  sfr17        00000
__Hsfr18                                                  sfr18        00000
__Hsfr19                                                  sfr19        00000
__Hsfr2                                                   sfr2         00000
__Hsfr20                                                  sfr20        00000
__Hsfr21                                                  sfr21        00000
__Hsfr22                                                  sfr22        00000
__Hsfr23                                                  sfr23        00000
__Hsfr24                                                  sfr24        00000
__Hsfr25                                                  sfr25        00000
__Hsfr26                                                  sfr26        00000
__Hsfr27                                                  sfr27        00000
__Hsfr28                                                  sfr28        00000
__Hsfr29                                                  sfr29        00000
__Hsfr3                                                   sfr3         00000
__Hsfr30                                                  sfr30        00000
__Hsfr31                                                  sfr31        00000
__Hsfr4                                                   sfr4         00000
__Hsfr5                                                   sfr5         00000
__Hsfr6                                                   sfr6         00000
__Hsfr7                                                   sfr7         00000
__Hsfr8                                                   sfr8         00000
__Hsfr9                                                   sfr9         00000
__Hspace_0                                                (abs)        0183C
__Hspace_1                                                (abs)        001DE
__Hspace_2                                                (abs)        00000
__Hspace_3                                                (abs)        00000
__Hspace_4                                                (abs)        10013
__Hstack                                                  stack        00000
__Hstrings                                                strings      00000
__Hstringtext1                                            stringtext1  00000
__Hstringtext2                                            stringtext2  00000
__Hstringtext3                                            stringtext3  00000
__Htext                                                   text         00000
__Labs1                                                   abs1         00000
__Lbank0                                                  bank0        00000
__Lbank1                                                  bank1        00000
__Lbank10                                                 bank10       00000
__Lbank11                                                 bank11       00000
__Lbank12                                                 bank12       00000
__Lbank13                                                 bank13       00000
__Lbank14                                                 bank14       00000
__Lbank15                                                 bank15       00000
__Lbank16                                                 bank16       00000
__Lbank17                                                 bank17       00000
__Lbank18                                                 bank18       00000
__Lbank19                                                 bank19       00000
__Lbank2                                                  bank2        00000
__Lbank20                                                 bank20       00000
__Lbank21                                                 bank21       00000
__Lbank22                                                 bank22       00000
__Lbank23                                                 bank23       00000
__Lbank24                                                 bank24       00000
__Lbank25                                                 bank25       00000
__Lbank26                                                 bank26       00000
__Lbank27                                                 bank27       00000
__Lbank28                                                 bank28       00000
__Lbank29                                                 bank29       00000
__Lbank3                                                  bank3        00000
__Lbank30                                                 bank30       00000
__Lbank31                                                 bank31       00000
__Lbank4                                                  bank4        00000
__Lbank5                                                  bank5        00000
__Lbank6                                                  bank6        00000
__Lbank7                                                  bank7        00000
__Lbank8                                                  bank8        00000
__Lbank9                                                  bank9        00000
__Lbigram                                                 bigram       00000
__LbssBANK0                                               bssBANK0     00000
__LbssBANK1                                               bssBANK1     00000
__Lcinit                                                  cinit        007A4
__Lclrtext                                                clrtext      00000
__Lcode                                                   code         00000
__Lcommon                                                 common       00000
__Lconfig                                                 config       00000
__LcstackBANK0                                            cstackBANK0  00000
__LcstackCOMMON                                           cstackCOMMON 00000
__LdataBANK0                                              dataBANK0    00000
__LdataBANK1                                              dataBANK1    00000
__LdataBANK2                                              dataBANK2    00000
__LdataBANK3                                              dataBANK3    00000
__LdataBIGRAM                                             dataBIGRAM   00000
__Leeprom_data                                            eeprom_data  00000
__Lend_init                                               end_init     00002
__Lfunctab                                                functab      00000
__Lheap                                                   heap         00000
__LidataBANK0                                             idataBANK0   00000
__LidataBANK1                                             idataBANK1   00000
__LidataBANK2                                             idataBANK2   00000
__LidataBANK3                                             idataBANK3   00000
__LidataBIGRAM                                            idataBIGRAM  00000
__Lidloc                                                  idloc        00000
__Linit                                                   init         00002
__Linittext                                               inittext     00000
__Lintentry                                               intentry     00002
__Lmaintext                                               maintext     00000
__LnvBANK0                                                nvBANK0      00000
__Lpowerup                                                powerup      00000
__Lram                                                    ram          00000
__Lreset_vec                                              reset_vec    00000
__Lsfr0                                                   sfr0         00000
__Lsfr1                                                   sfr1         00000
__Lsfr10                                                  sfr10        00000
__Lsfr11                                                  sfr11        00000
__Lsfr12                                                  sfr12        00000
__Lsfr13                                                  sfr13        00000
__Lsfr14                                                  sfr14        00000
__Lsfr15                                                  sfr15        00000
__Lsfr16                                                  sfr16        00000
__Lsfr17                                                  sfr17        00000
__Lsfr18                                                  sfr18        00000
__Lsfr19                                                  sfr19        00000
__Lsfr2                                                   sfr2         00000
__Lsfr20                                                  sfr20        00000
__Lsfr21                                                  sfr21        00000
__Lsfr22                                                  sfr22        00000
__Lsfr23                                                  sfr23        00000
__Lsfr24                                                  sfr24        00000
__Lsfr25                                                  sfr25        00000
__Lsfr26                                                  sfr26        00000
__Lsfr27                                                  sfr27        00000
__Lsfr28                                                  sfr28        00000
__Lsfr29                                                  sfr29        00000
__Lsfr3                                                   sfr3         00000
__Lsfr30                                                  sfr30        00000
__Lsfr31                                                  sfr31        00000
__Lsfr4                                                   sfr4         00000
__Lsfr5                                                   sfr5         00000
__Lsfr6                                                   sfr6         00000
__Lsfr7                                                   sfr7         00000
__Lsfr8                                                   sfr8         00000
__Lsfr9                                                   sfr9         00000
__Lspace_0                                                (abs)        00000
__Lspace_1                                                (abs)        00000
__Lspace_2                                                (abs)        00000
__Lspace_3                                                (abs)        00000
__Lspace_4                                                (abs)        00000
__Lstack                                                  stack        00000
__Lstrings                                                strings      00000
__Lstringtext1                                            stringtext1  00000
__Lstringtext2                                            stringtext2  00000
__Lstringtext3                                            stringtext3  00000
__Ltext                                                   text         00000
__S0                                                      (abs)        0183C
__S1                                                      (abs)        001DE
__S3                                                      (abs)        00000
___aldiv                                                  text32       00D07
___aldiv@counter                                          cstackBANK0  00021
___aldiv@dividend                                         cstackCOMMON 0007A
___aldiv@divisor                                          cstackCOMMON 00076
___aldiv@quotient                                         cstackBANK0  00023
___aldiv@sign                                             cstackBANK0  00022
___heap_hi                                                (abs)        00000
___heap_lo                                                (abs)        00000
___int_sp                                                 stack        00000
___latbits                                                (abs)        00002
___sp                                                     stack        00000
___stackhi                                                (abs)        00000
___stacklo                                                (abs)        00000
___wmul                                                   text31       01664
___wmul@multiplicand                                      cstackCOMMON 00072
___wmul@multiplier                                        cstackCOMMON 00070
___wmul@product                                           cstackCOMMON 00074
__end_of_ADCC_GetConversionResult                         text18       0140C
__end_of_ADCC_Initialize                                  text25       0162A
__end_of_ADCC_IsConversionDone                            text17       0141A
__end_of_ADCC_StartConversion                             text16       00807
__end_of_CC8531_Init_Data_Send                            text9        007A4
__end_of_CC8531_Polling_Data_Send                         text27       00311
__end_of_DATAEE_ReadByte                                  text26       01468
__end_of_DATAEE_WriteByte                                 text36       01664
__end_of_DELAY_microseconds                               text34       016A3
__end_of_DELAY_milliseconds                               text33       01554
__end_of_I2C1_CallbackReturnReset                         text72       01397
__end_of_I2C1_CallbackReturnStop                          text73       01395
__end_of_I2C1_Close                                       text90       015AC
__end_of_I2C1_DO_ADDRESS_NACK                             text49       016EF
__end_of_I2C1_DO_IDLE                                     text63       013D2
__end_of_I2C1_DO_RCEN                                     text58       01413
__end_of_I2C1_DO_RESET                                    text50       013FA
__end_of_I2C1_DO_RX                                       text59       00A04
__end_of_I2C1_DO_RX_ACK                                   text53       013EB
__end_of_I2C1_DO_RX_NACK_RESTART                          text51       013F5
[...]
__pmaintext                                               maintext     008A0
__pnvBANK0                                                nvBANK0      00069
__pstringtext1                                            stringtext1  01800
__pstringtext2                                            stringtext2  01820
__pstringtext3                                            stringtext3  01834
__ptext1                                                  text1        00C10
__ptext10                                                 text10       013B5
__ptext11                                                 text11       015F5
__ptext12                                                 text12       00B4F
__ptext13                                                 text13       00AEF
__ptext14                                                 text14       015DC
__ptext15                                                 text15       00D97
__ptext16                                                 text16       00800
__ptext17                                                 text17       01413
__ptext18                                                 text18       01406
__ptext19                                                 text19       01554
__ptext2                                                  text2        00949
__ptext20                                                 text20       01567
__ptext21                                                 text21       01422
__ptext22                                                 text22       0090F
__ptext23                                                 text23       01433
__ptext24                                                 text24       0143C
__ptext25                                                 text25       0160F
__ptext26                                                 text26       0145C
__ptext27                                                 text27       0005D
__ptext28                                                 text28       00A04
__ptext29                                                 text29       017CF
__ptext3                                                  text3        00BAF
__ptext30                                                 text30       00C7B
__ptext31                                                 text31       01664
__ptext32                                                 text32       00D07
__ptext33                                                 text33       01542
__ptext34                                                 text34       01683
__ptext35                                                 text35       01744
__ptext36                                                 text36       01646
__ptext37                                                 text37       013C0
__ptext38                                                 text38       013B2
__ptext39                                                 text39       00009
__ptext4                                                  text4        00807
__ptext40                                                 text40       0179F
__ptext41                                                 text41       01451
__ptext42                                                 text42       0086A
__ptext43                                                 text43       0149B
__ptext44                                                 text44       00004
__ptext45                                                 text45       0162A
__ptext46                                                 text46       01480
__ptext47                                                 text47       01400
__ptext48                                                 text48       016EF
__ptext49                                                 text49       016C7
__ptext5                                                  text5        013C4
__ptext50                                                 text50       013F5
__ptext51                                                 text51       013F0
__ptext52                                                 text52       013EB
__ptext53                                                 text53       013E6
__ptext54                                                 text54       013E1
__ptext55                                                 text55       013DC
__ptext56                                                 text56       013D7
__ptext57                                                 text57       013D2
__ptext58                                                 text58       0140C
__ptext59                                                 text59       009C1
__ptext6                                                  text6        01531
__ptext60                                                 text60       00A9C
__ptext61                                                 text61       0141A
__ptext62                                                 text62       0142A
__ptext63                                                 text63       013CD
__ptext64                                                 text64       01717
__ptext65                                                 text65       013AF
__ptext66                                                 text66       013FA
__ptext67                                                 text67       013C8
__ptext68                                                 text68       013BC
__ptext69                                                 text69       013AC
__ptext7                                                  text7        00838
__ptext70                                                 text70       013B8
__ptext71                                                 text71       013A9
__ptext72                                                 text72       01395
__ptext73                                                 text73       01393
__ptext74                                                 text74       015C4
__ptext75                                                 text75       01520
__ptext76                                                 text76       0150F
__ptext77                                                 text77       014FE
__ptext78                                                 text78       015AC
__ptext79                                                 text79       014ED
__ptext8                                                  text8        00A4F
__ptext80                                                 text80       014DC
__ptext81                                                 text81       014CB
__ptext82                                                 text82       014BA
__ptext83                                                 text83       014A9
__ptext84                                                 text84       01446
__ptext85                                                 text85       016A3
__ptext86                                                 text86       0148D
__ptext87                                                 text87       013A6
__ptext88                                                 text88       013A3
__ptext89                                                 text89       013A0
__ptext9                                                  text9        00311
__ptext90                                                 text90       01594
__ptext91                                                 text91       0139D
__ptext92                                                 text92       0139A
__ptext93                                                 text93       01397
_aic32_headphoneout                                       text6        01531
_aic32_test                                               text5        013C4
_aic32config_page                                         (abs)        0221A
_battery_count                                            bssBANK0     00064
_beep                                                     text30       00C7B
_button_push_play                                         text14       015DC
_cc8531_init_data                                         (abs)        02312
_cc8531_polling_data                                      dataBANK3    001A0
_charge_display                                           text15       00D97
_i2c1_fsmStateTable                                       stringtext1  01800
_key_count                                                bssBANK0     00061
_key_pressed_mute                                         bssBANK0     00065
_key_pressed_volume                                       bssBANK0     00066
_led_control                                              text35       01744
_main                                                     maintext     008A0
_mic_detect                                               text12       00B4F
_mic_state_choosed                                        dataBANK0    00060
_power_off                                                text11       015F5
_power_off_buzzer                                         text29       017CF
_power_off_sequence                                       text28       00A04
_power_on                                                 text3        00BAF
_power_on_buzzer                                          text4        00807
_rd1RegCompleteHandler                                    text81       014CB
_rd1RegCompleteHandler@i2c1_master_example$F264           text77       014FE
_rd2RegCompleteHandler                                    text80       014DC
_rd2RegCompleteHandler@i2c1_master_example$F275           text76       0150F
_rdBlkRegCompleteHandler                                  text78       015AC
_rdBlkRegCompleteHandler@i2c1_master_example$F298         text74       015C4
_spi2_configuration                                       stringtext3  01834
_streaming_off_flag                                       bssBANK0     00063
_tlv320_mic_control                                       dataBANK2    00120
_tlv320_volume@tlv320aic32$F2047                          dataBANK0    0004A
_tlv320_volume_up                                         dataBANK1    000A0
_volume_control                                           text1        00C10
_volume_count                                             nvBANK0      00069
_wr1RegCompleteHandler                                    text82       014BA
_wr1RegCompleteHandler@i2c1_master_example$F281           text75       01520
_wr2RegCompleteHandler                                    text79       014ED
_wr2RegCompleteHandler@i2c1_master_example$F287           text83       014A9
beep@beepDelay                                            cstackBANK0  00036
beep@duration                                             cstackBANK0  00029
beep@i                                                    cstackBANK0  00034
beep@note                                                 cstackBANK0  00027
beep@time                                                 cstackBANK0  00030
btemp                                                     (abs)        0007E
charge_display@charger_temp                               cstackBANK0  0003C
charge_display@charger_value                              cstackBANK0  0003E
clear_ram0                                                clrtext      01468
end_of_initialization                                     cinit        007FD
init_ram                                                  inittext     01474
intlevel0                                                 functab      00000
intlevel1                                                 functab      00000
intlevel2                                                 functab      00000
intlevel3                                                 functab      00000
intlevel4                                                 functab      00000
intlevel5                                                 functab      00000
led_control@led_state                                     cstackCOMMON 00072
mic_detect@mic_detect_value                               cstackBANK0  0003F
rd1RegCompleteHandler@i2c1_master_example$F264@ptr        cstackCOMMON 00077
rd1RegCompleteHandler@p                                   cstackCOMMON 00077
rd2RegCompleteHandler@i2c1_master_example$F275@ptr        cstackCOMMON 00077
rd2RegCompleteHandler@p                                   cstackCOMMON 00077
rdBlkRegCompleteHandler@i2c1_master_example$F298@ptr      cstackCOMMON 00077
rdBlkRegCompleteHandler@p                                 cstackCOMMON 00077
reset_vec                                                 reset_vec    00000
start                                                     init         00002
start_initialization                                      cinit        007A4
volume_control@convertedValue                             cstackBANK0  0003A
wr1RegCompleteHandler@i2c1_master_example$F281@ptr        cstackCOMMON 00077
wr1RegCompleteHandler@p                                   cstackCOMMON 00077
wr2RegCompleteHandler@i2c1_master_example$F287@ptr        cstackCOMMON 00077
wr2RegCompleteHandler@p                                   cstackCOMMON 00077
wtemp0                                                    (abs)        0007E


MODULE INFORMATION

Module		Function		Class		Link	Load	Size
CC8531_Control_spi.c
		_CC8531_Init_Data_Send		CODE           	0311	0000	1171
		_CC8531_Polling_Data_Send		CODE           	005D	0000	692

CC8531_Control_spi.c estimated size: 1863

mcc_generated_files/examples/i2c1_master_example.c
		_rdBlkRegCompleteHandler@i2c1_master_example$F298		CODE           	15C4	0000	24
		_rd1RegCompleteHandler@i2c1_master_example$F264		CODE           	14FE	0000	17
		_rd2RegCompleteHandler@i2c1_master_example$F275		CODE           	150F	0000	17
		_I2C1_Write1ByteRegister		CODE           	179F	0000	48
		_wr1RegCompleteHandler@i2c1_master_example$F281		CODE           	1520	0000	17
		_wr2RegCompleteHandler@i2c1_master_example$F287		CODE           	14A9	0000	17

mcc_generated_files/examples/i2c1_master_example.c estimated size: 140

tlv320aic32_registers.c
		_TLV320AIC32_config		CODE           	0A4F	0000	77

tlv320aic32_registers.c estimated size: 77

mcc_generated_files/i2c1_master.c
		_I2C1_DO_SEND_RESTART		CODE           	13DC	0000	5
		_I2C1_DO_TX_EMPTY		CODE           	1717	0000	45
		_I2C1_DO_SEND_RESTART_READ		CODE           	13D2	0000	5
		_I2C1_CallbackReturnStop		CODE           	1393	0000	2
		_I2C1_DO_RX    		CODE           	09C1	0000	67
		_I2C1_DO_TX    		CODE           	0A9C	0000	83
		_I2C1_SetAddressNackCallback		CODE           	1451	0000	11
		_I2C1_DO_IDLE  		CODE           	13CD	0000	5
		_I2C1_MasterOpen		CODE           	149B	0000	14
		_I2C1_DO_RCEN  		CODE           	140C	0000	7
		_I2C1_MasterSendTxData		CODE           	13C8	0000	5
		_I2C1_MasterStop		CODE           	13A6	0000	3
		_I2C1_CallbackReturnReset		CODE           	1395	0000	2
		_I2C1_DO_RESET 		CODE           	13F5	0000	5
		_I2C1_MasterStartRx		CODE           	13A9	0000	3
		_I2C1_Poller   		CODE           	1480	0000	13
		_I2C1_DO_RX_ACK		CODE           	13E6	0000	5
		_I2C1_MasterWaitForEvent		CODE           	1400	0000	6
		_I2C1_MasterSendNack		CODE           	13B8	0000	4
		_I2C1_DO_RX_NACK_RESTART		CODE           	13F0	0000	5
		_I2C1_MasterDisableIrq		CODE           	139D	0000	3
		_I2C1_MasterOperation		CODE           	162A	0000	28
		_I2C1_SetCallback		CODE           	16A3	0000	36
		_I2C1_MasterEnableRestart		CODE           	13A3	0000	3
		_I2C1_Open     		CODE           	086A	0000	54
		_I2C1_DO_ADDRESS_NACK		CODE           	16C7	0000	40
		_I2C1_SetBuffer		CODE           	148D	0000	14
		_I2C1_DO_SEND_RESTART_WRITE		CODE           	13D7	0000	5
		_I2C1_MasterClose		CODE           	139A	0000	3
		_I2C1_MasterWrite		CODE           	0004	0000	5
		_I2C1_Initialize		CODE           	143C	0000	10
		_I2C1_Close    		CODE           	1594	0000	24
		_I2C1_MasterIsNack		CODE           	13FA	0000	6
		_I2C1_MasterStart		CODE           	13A0	0000	3
		_I2C1_DO_SEND_ADR_WRITE		CODE           	141A	0000	8
		_I2C1_MasterClearIrq		CODE           	1397	0000	3
		_I2C1_SetDataCompleteCallback		CODE           	1446	0000	11
		_I2C1_DO_SEND_STOP		CODE           	13E1	0000	5
		_I2C1_MasterSendAck		CODE           	13BC	0000	4
		_I2C1_MasterFsm		CODE           	16EF	0000	40
		_I2C1_MasterGetRxData		CODE           	13AC	0000	3
		_I2C1_MasterSetIrq		CODE           	13AF	0000	3
		_I2C1_DO_SEND_ADR_READ		CODE           	142A	0000	9
		_I2C1_DO_RX_NACK_STOP		CODE           	13EB	0000	5

mcc_generated_files/i2c1_master.c estimated size: 620

C:\Program Files\Microchip\xc8\v2.40\pic\sources\c99\common\Umul16.c
		___wmul        		CODE           	1664	0000	31

C:\Program Files\Microchip\xc8\v2.40\pic\sources\c99\common\Umul16.c estimated size: 31

C:\Program Files\Microchip\xc8\v2.40\pic\sources\c99\common\aldiv.c
		___aldiv       		CODE           	0D07	0000	144

C:\Program Files\Microchip\xc8\v2.40\pic\sources\c99\common\aldiv.c estimated size: 144

mcc_generated_files/pin_manager.c
		_PIN_MANAGER_Initialize		CODE           	090F	0000	58

mcc_generated_files/pin_manager.c estimated size: 58

tlv320aic32.c
		_aic32_test    		CODE           	13C4	0000	4
		_TLV320_Mute   		CODE           	0AEF	0000	96
		_TLV320_SetHeadphoneVol		CODE           	0949	0000	58

tlv320aic32.c estimated size: 158

mcc_generated_files/drivers/i2c_simple_master.c
		_wr1RegCompleteHandler		CODE           	14BA	0000	17
		_wr2RegCompleteHandler		CODE           	14ED	0000	17
		_rdBlkRegCompleteHandler		CODE           	15AC	0000	24
		_rd1RegCompleteHandler		CODE           	14CB	0000	17
		_rd2RegCompleteHandler		CODE           	14DC	0000	17

mcc_generated_files/drivers/i2c_simple_master.c estimated size: 92

tlv320aic32_aic32_opencodec.c
		_TLV320AIC32_openCodec		CODE           	0838	0000	50

tlv320aic32_aic32_opencodec.c estimated size: 50

shared
		__initialization		CODE           	07A4	0000	89
		_i2c1_fsmStateTable		STRCODE        	1800	0000	32
		_spiMaster     		STRCODE        	0000	0000	0
		_spi2_configuration		STRCODE        	1834	0000	8

shared estimated size: 129

mcc_generated_files/mcc.c
		_PMD_Initialize		CODE           	1422	0000	8
		_OSCILLATOR_Initialize		CODE           	1433	0000	9
		_SYSTEM_Initialize		CODE           	1554	0000	19

mcc_generated_files/mcc.c estimated size: 36

mcc_generated_files/memory.c
		_DATAEE_WriteByte		CODE           	1646	0000	30
		_DATAEE_ReadByte		CODE           	145C	0000	12

mcc_generated_files/memory.c estimated size: 42

mcc_generated_files/delay.c
		_DELAY_milliseconds		CODE           	1542	0000	18
		_DELAY_microseconds		CODE           	1683	0000	32

mcc_generated_files/delay.c estimated size: 50

tlv320aic32_headphoneout.c
		_aic32_headphoneout		CODE           	1531	0000	17

tlv320aic32_headphoneout.c estimated size: 17

mcc_generated_files/spi2.c
		_SPI2_WriteByte		CODE           	13C0	0000	4
		_SPI2_ReadByte 		CODE           	13B2	0000	3
		_SPI2_Open     		CODE           	0009	0000	84
		_SPI2_Initialize		CODE           	1567	0000	22
		_SPI2_Close    		CODE           	13B5	0000	3

mcc_generated_files/spi2.c estimated size: 116

mcc_generated_files/adcc.c
		_ADCC_GetConversionResult		CODE           	1406	0000	6
		_ADCC_StartConversion		CODE           	0800	0000	7
		_ADCC_Initialize		CODE           	160F	0000	27
		_ADCC_IsConversionDone		CODE           	1413	0000	7

mcc_generated_files/adcc.c estimated size: 47

main.c
		_button_push_play		CODE           	15DC	0000	25
		_power_on      		CODE           	0BAF	0000	97
		_power_off     		CODE           	15F5	0000	26
		_beep          		CODE           	0C7B	0000	140
		_main          		CODE           	08A0	0000	55
		_power_off_buzzer		CODE           	17CF	0000	49
		_charge_display		CODE           	0D97	0000	147
		_power_off_sequence		CODE           	0A04	0000	75
		_volume_control		CODE           	0C10	0000	107
		_mic_detect    		CODE           	0B4F	0000	96
		_power_on_buzzer		CODE           	0807	0000	49
		_led_control   		CODE           	1744	0000	45

main.c estimated size: 911

